Component: ARM Compiler 5.06 update 4 (build 422) Tool: armlink [4d35d2]

==============================================================================

Section Cross References

    main.o(i.RGB_ratio) refers to faddsub_clz.o(x$fpl$fsub) for __aeabi_fsub
    main.o(i.RGB_ratio) refers to fdiv.o(x$fpl$fdiv) for __aeabi_fdiv
    main.o(i.RGB_ratio) refers to fmul.o(x$fpl$fmul) for __aeabi_fmul
    main.o(i.RGB_ratio) refers to faddsub_clz.o(x$fpl$frsb) for __aeabi_frsub
    main.o(i.RGB_ratio) refers to faddsub_clz.o(x$fpl$fadd) for __aeabi_fadd
    main.o(i.RGB_ratio) refers to main.o(.data) for blue_lm
    main.o(i.main) refers to rt_cmsis.o(i.osKernelInitialize) for osKernelInitialize
    main.o(i.main) refers to adc.o(i.ADC_Configuration) for ADC_Configuration
    main.o(i.main) refers to adc.o(i.readADC1) for readADC1
    main.o(i.main) refers to dflt_clz.o(x$fpl$dfltu) for __aeabi_ui2d
    main.o(i.main) refers to dmul.o(x$fpl$dmul) for __aeabi_dmul
    main.o(i.main) refers to ddiv.o(x$fpl$ddiv) for __aeabi_ddiv
    main.o(i.main) refers to daddsub_clz.o(x$fpl$drsb) for __aeabi_drsub
    main.o(i.main) refers to d2f.o(x$fpl$d2f) for __aeabi_d2f
    main.o(i.main) refers to main.o(i.RGB_ratio) for RGB_ratio
    main.o(i.main) refers to fmul.o(x$fpl$fmul) for __aeabi_fmul
    main.o(i.main) refers to rt_cmsis.o(i.osThreadCreate) for osThreadCreate
    main.o(i.main) refers to rt_cmsis.o(i.osKernelStart) for osKernelStart
    main.o(i.main) refers to main.o(.data) for brightness
    main.o(i.main) refers to main.o(.constdata) for os_thread_def_Green
    main.o(.constdata) refers to rgb_control.o(i.Red) for Red
    main.o(.constdata) refers to rgb_control.o(i.Blue) for Blue
    main.o(.constdata) refers to rgb_control.o(i.Green) for Green
    main.o(.constdata) refers to rgb_control.o(i.AutoReset) for AutoReset
    delay.o(i.delayUS_DWT) refers to system_stm32f10x.o(.data) for SystemCoreClock
    rgb_control.o(i.AutoReset) refers to delay.o(i.delayUS_DWT) for delayUS_DWT
    rgb_control.o(i.Blue) refers to fmul.o(x$fpl$fmul) for __aeabi_fmul
    rgb_control.o(i.Blue) refers to ffixu.o(x$fpl$ffixu) for __aeabi_f2uiz
    rgb_control.o(i.Blue) refers to delay.o(i.delayUS_DWT) for delayUS_DWT
    rgb_control.o(i.Green) refers to fmul.o(x$fpl$fmul) for __aeabi_fmul
    rgb_control.o(i.Green) refers to ffixu.o(x$fpl$ffixu) for __aeabi_f2uiz
    rgb_control.o(i.Green) refers to delay.o(i.delayUS_DWT) for delayUS_DWT
    rgb_control.o(i.Red) refers to fmul.o(x$fpl$fmul) for __aeabi_fmul
    rgb_control.o(i.Red) refers to ffixu.o(x$fpl$ffixu) for __aeabi_f2uiz
    rgb_control.o(i.Red) refers to delay.o(i.delayUS_DWT) for delayUS_DWT
    adc.o(i.ADC_Configuration) refers to stm32f10x_rcc.o(i.RCC_ADCCLKConfig) for RCC_ADCCLKConfig
    adc.o(i.ADC_Configuration) refers to stm32f10x_rcc.o(i.RCC_APB2PeriphClockCmd) for RCC_APB2PeriphClockCmd
    adc.o(i.ADC_Configuration) refers to stm32f10x_adc.o(i.ADC_DeInit) for ADC_DeInit
    adc.o(i.ADC_Configuration) refers to stm32f10x_adc.o(i.ADC_Init) for ADC_Init
    adc.o(i.ADC_Configuration) refers to stm32f10x_adc.o(i.ADC_Cmd) for ADC_Cmd
    adc.o(i.ADC_Configuration) refers to stm32f10x_adc.o(i.ADC_ResetCalibration) for ADC_ResetCalibration
    adc.o(i.ADC_Configuration) refers to stm32f10x_adc.o(i.ADC_GetResetCalibrationStatus) for ADC_GetResetCalibrationStatus
    adc.o(i.ADC_Configuration) refers to stm32f10x_adc.o(i.ADC_StartCalibration) for ADC_StartCalibration
    adc.o(i.ADC_Configuration) refers to stm32f10x_adc.o(i.ADC_GetCalibrationStatus) for ADC_GetCalibrationStatus
    adc.o(i.readADC1) refers to stm32f10x_adc.o(i.ADC_RegularChannelConfig) for ADC_RegularChannelConfig
    adc.o(i.readADC1) refers to stm32f10x_adc.o(i.ADC_SoftwareStartConvCmd) for ADC_SoftwareStartConvCmd
    adc.o(i.readADC1) refers to stm32f10x_adc.o(i.ADC_GetFlagStatus) for ADC_GetFlagStatus
    adc.o(i.readADC1) refers to stm32f10x_adc.o(i.ADC_GetConversionValue) for ADC_GetConversionValue
    stm32f10x_gpio.o(i.GPIO_AFIODeInit) refers to stm32f10x_rcc.o(i.RCC_APB2PeriphResetCmd) for RCC_APB2PeriphResetCmd
    stm32f10x_gpio.o(i.GPIO_DeInit) refers to stm32f10x_rcc.o(i.RCC_APB2PeriphResetCmd) for RCC_APB2PeriphResetCmd
    stm32f10x_rcc.o(i.RCC_GetClocksFreq) refers to stm32f10x_rcc.o(.data) for APBAHBPrescTable
    stm32f10x_rcc.o(i.RCC_WaitForHSEStartUp) refers to stm32f10x_rcc.o(i.RCC_GetFlagStatus) for RCC_GetFlagStatus
    stm32f10x_adc.o(i.ADC_DeInit) refers to stm32f10x_rcc.o(i.RCC_APB2PeriphResetCmd) for RCC_APB2PeriphResetCmd
    rtx_conf_cm.o(.emb_text) refers to rt_cmsis.o(i.osKernelInitialize) for osKernelInitialize
    rtx_conf_cm.o(.emb_text) refers to rt_cmsis.o(i.osThreadCreate) for osThreadCreate
    rtx_conf_cm.o(.emb_text) refers to rt_cmsis.o(i.osKernelStart) for osKernelStart
    rtx_conf_cm.o(.emb_text) refers to exit.o(.text) for exit
    rtx_conf_cm.o(.emb_text) refers to rtx_conf_cm.o(.constdata) for os_thread_def_main
[...]
    ../clib/angel/sys.s                      0x00000000   Number         0  indicate_semi.o ABSOLUTE
    ../clib/angel/sys.s                      0x00000000   Number         0  sys_stackheap_outer.o ABSOLUTE
    ../clib/angel/sys.s                      0x00000000   Number         0  libspace.o ABSOLUTE
    ../clib/angel/sysapp.c                   0x00000000   Number         0  sys_command.o ABSOLUTE
    ../clib/angel/sysapp.c                   0x00000000   Number         0  sys_wrch.o ABSOLUTE
    ../clib/angel/sysapp.c                   0x00000000   Number         0  sys_exit.o ABSOLUTE
    ../clib/armsys.c                         0x00000000   Number         0  _get_argv_nomalloc.o ABSOLUTE
    ../clib/armsys.c                         0x00000000   Number         0  no_argv.o ABSOLUTE
    ../clib/armsys.c                         0x00000000   Number         0  argv_veneer.o ABSOLUTE
    ../clib/armsys.c                         0x00000000   Number         0  argv_veneer.o ABSOLUTE
    ../clib/heapalloc.c                      0x00000000   Number         0  hrguard.o ABSOLUTE
    ../clib/heapaux.c                        0x00000000   Number         0  heapauxi.o ABSOLUTE
    ../clib/libinit.s                        0x00000000   Number         0  libshutdown2.o ABSOLUTE
    ../clib/libinit.s                        0x00000000   Number         0  libshutdown.o ABSOLUTE
    ../clib/libinit.s                        0x00000000   Number         0  libinit.o ABSOLUTE
    ../clib/libinit.s                        0x00000000   Number         0  libinit2.o ABSOLUTE
    ../clib/longlong.s                       0x00000000   Number         0  lludivv7m.o ABSOLUTE
    ../clib/signal.c                         0x00000000   Number         0  defsig_pvfn_inner.o ABSOLUTE
    ../clib/signal.c                         0x00000000   Number         0  defsig_rtmem_outer.o ABSOLUTE
    ../clib/signal.c                         0x00000000   Number         0  defsig_rtmem_inner.o ABSOLUTE
    ../clib/signal.c                         0x00000000   Number         0  defsig_rtred_inner.o ABSOLUTE
    ../clib/signal.c                         0x00000000   Number         0  defsig_abrt_inner.o ABSOLUTE
    ../clib/signal.c                         0x00000000   Number         0  defsig_cppl_inner.o ABSOLUTE
    ../clib/signal.c                         0x00000000   Number         0  defsig_segv_inner.o ABSOLUTE
    ../clib/signal.c                         0x00000000   Number         0  defsig_other.o ABSOLUTE
    ../clib/signal.c                         0x00000000   Number         0  __raise.o ABSOLUTE
    ../clib/signal.c                         0x00000000   Number         0  defsig_general.o ABSOLUTE
    ../clib/signal.c                         0x00000000   Number         0  defsig_fpe_outer.o ABSOLUTE
    ../clib/signal.c                         0x00000000   Number         0  defsig_fpe_formal.o ABSOLUTE
    ../clib/signal.c                         0x00000000   Number         0  defsig_fpe_inner.o ABSOLUTE
    ../clib/signal.c                         0x00000000   Number         0  defsig_exit.o ABSOLUTE
    ../clib/signal.c                         0x00000000   Number         0  defsig_rtmem_formal.o ABSOLUTE
    ../clib/signal.c                         0x00000000   Number         0  defsig_stak_inner.o ABSOLUTE
    ../clib/signal.s                         0x00000000   Number         0  defsig.o ABSOLUTE
    ../clib/stdlib.c                         0x00000000   Number         0  exit.o ABSOLUTE
    ../fplib/d2f.s                           0x00000000   Number         0  d2f.o ABSOLUTE
    ../fplib/daddsub.s                       0x00000000   Number         0  daddsub_clz.o ABSOLUTE
    ../fplib/ddiv.s                          0x00000000   Number         0  ddiv.o ABSOLUTE
    ../fplib/dflt.s                          0x00000000   Number         0  dflt_clz.o ABSOLUTE
    ../fplib/dmul.s                          0x00000000   Number         0  dmul.o ABSOLUTE
    ../fplib/dnaninf.s                       0x00000000   Number         0  dnaninf.o ABSOLUTE
    ../fplib/dretinf.s                       0x00000000   Number         0  dretinf.o ABSOLUTE
    ../fplib/faddsub.s                       0x00000000   Number         0  faddsub_clz.o ABSOLUTE
    ../fplib/fdiv.s                          0x00000000   Number         0  fdiv.o ABSOLUTE
    ../fplib/ffixu.s                         0x00000000   Number         0  ffixu.o ABSOLUTE
    ../fplib/fmul.s                          0x00000000   Number         0  fmul.o ABSOLUTE
    ../fplib/fnaninf.s                       0x00000000   Number         0  fnaninf.o ABSOLUTE
    ../fplib/fpinit.s                        0x00000000   Number         0  fpinit.o ABSOLUTE
    ../fplib/fretinf.s                       0x00000000   Number         0  fretinf.o ABSOLUTE
    ../fplib/usenofp.s                       0x00000000   Number         0  usenofp.o ABSOLUTE
    ..\HAL_CM.c                              0x00000000   Number         0  hal_cm.o ABSOLUTE
    ..\\rt_CMSIS.c                           0x00000000   Number         0  rt_cmsis.o ABSOLUTE
    ..\\rt_System.c                          0x00000000   Number         0  rt_system.o ABSOLUTE
    ..\rt_CMSIS.c                            0x00000000   Number         0  rt_cmsis.o ABSOLUTE
    ..\rt_Event.c                            0x00000000   Number         0  rt_event.o ABSOLUTE
    ..\rt_List.c                             0x00000000   Number         0  rt_list.o ABSOLUTE
    ..\rt_Mailbox.c                          0x00000000   Number         0  rt_mailbox.o ABSOLUTE
    ..\rt_MemBox.c                           0x00000000   Number         0  rt_membox.o ABSOLUTE
    ..\rt_Memory.c                           0x00000000   Number         0  rt_memory.o ABSOLUTE
    ..\rt_Mutex.c                            0x00000000   Number         0  rt_mutex.o ABSOLUTE
    ..\rt_Robin.c                            0x00000000   Number         0  rt_robin.o ABSOLUTE
    ..\rt_Semaphore.c                        0x00000000   Number         0  rt_semaphore.o ABSOLUTE
    ..\rt_System.c                           0x00000000   Number         0  rt_system.o ABSOLUTE
    ..\rt_Task.c                             0x00000000   Number         0  rt_task.o ABSOLUTE
    ..\rt_Time.c                             0x00000000   Number         0  rt_time.o ABSOLUTE
    CMSIS\CM3\CoreSupport\core_cm3.c         0x00000000   Number         0  core_cm3.o ABSOLUTE
    CMSIS\\CM3\\CoreSupport\\core_cm3.c      0x00000000   Number         0  core_cm3.o ABSOLUTE
    HAL_CM3.c                                0x00000000   Number         0  hal_cm3.o ABSOLUTE
    HAL_CM3.c                                0x00000000   Number         0  hal_cm3.o ABSOLUTE
    RTE\CMSIS\RTX_Conf_CM.c                  0x00000000   Number         0  rtx_conf_cm.o ABSOLUTE
    RTE\Device\STM32F103C8\startup_stm32f10x_md.s 0x00000000   Number         0  startup_stm32f10x_md.o ABSOLUTE
    RTE\Device\STM32F103C8\system_stm32f10x.c 0x00000000   Number         0  system_stm32f10x.o ABSOLUTE
    RTE\\CMSIS\\RTX_Conf_CM.c                0x00000000   Number         0  rtx_conf_cm.o ABSOLUTE
    RTE\\Device\\STM32F103C8\\system_stm32f10x.c 0x00000000   Number         0  system_stm32f10x.o ABSOLUTE
    STM32F10x_StdPeriph_Driver\\src\\misc.c  0x00000000   Number         0  misc.o ABSOLUTE
    STM32F10x_StdPeriph_Driver\\src\\stm32f10x_adc.c 0x00000000   Number         0  stm32f10x_adc.o ABSOLUTE
    STM32F10x_StdPeriph_Driver\\src\\stm32f10x_dma.c 0x00000000   Number         0  stm32f10x_dma.o ABSOLUTE
    STM32F10x_StdPeriph_Driver\\src\\stm32f10x_gpio.c 0x00000000   Number         0  stm32f10x_gpio.o ABSOLUTE
    STM32F10x_StdPeriph_Driver\\src\\stm32f10x_rcc.c 0x00000000   Number         0  stm32f10x_rcc.o ABSOLUTE
    STM32F10x_StdPeriph_Driver\src\misc.c    0x00000000   Number         0  misc.o ABSOLUTE
    STM32F10x_StdPeriph_Driver\src\stm32f10x_adc.c 0x00000000   Number         0  stm32f10x_adc.o ABSOLUTE
    STM32F10x_StdPeriph_Driver\src\stm32f10x_dma.c 0x00000000   Number         0  stm32f10x_dma.o ABSOLUTE
    STM32F10x_StdPeriph_Driver\src\stm32f10x_gpio.c 0x00000000   Number         0  stm32f10x_gpio.o ABSOLUTE
    STM32F10x_StdPeriph_Driver\src\stm32f10x_rcc.c 0x00000000   Number         0  stm32f10x_rcc.o ABSOLUTE
    SVC_Table.s                              0x00000000   Number         0  svc_table.o ABSOLUTE
    User\\adc.c                              0x00000000   Number         0  adc.o ABSOLUTE
    User\\delay.c                            0x00000000   Number         0  delay.o ABSOLUTE
    User\\main.c                             0x00000000   Number         0  main.o ABSOLUTE
    User\\rgb_control.c                      0x00000000   Number         0  rgb_control.o ABSOLUTE
    User\adc.c                               0x00000000   Number         0  adc.o ABSOLUTE
    User\delay.c                             0x00000000   Number         0  delay.o ABSOLUTE
    User\main.c                              0x00000000   Number         0  main.o ABSOLUTE
    User\rgb_control.c                       0x00000000   Number         0  rgb_control.o ABSOLUTE
    dc.s                                     0x00000000   Number         0  dc.o ABSOLUTE
    RESET                                    0x08000000   Section      236  startup_stm32f10x_md.o(RESET)
    !!!main                                  0x080000ec   Section        8  __main.o(!!!main)
    !!!scatter                               0x080000f4   Section       52  __scatter.o(!!!scatter)
    !!handler_copy                           0x08000128   Section       26  __scatter_copy.o(!!handler_copy)
    !!handler_zi                             0x08000144   Section       28  __scatter_zi.o(!!handler_zi)
    .ARM.Collect$$libinit$$00000000          0x08000160   Section        2  libinit.o(.ARM.Collect$$libinit$$00000000)
    .ARM.Collect$$libinit$$00000002          0x08000162   Section        0  libinit2.o(.ARM.Collect$$libinit$$00000002)
    .ARM.Collect$$libinit$$00000004          0x08000162   Section        0  libinit2.o(.ARM.Collect$$libinit$$00000004)
    .ARM.Collect$$libinit$$0000000A          0x08000162   Section        0  libinit2.o(.ARM.Collect$$libinit$$0000000A)
    .ARM.Collect$$libinit$$0000000C          0x08000162   Section        0  libinit2.o(.ARM.Collect$$libinit$$0000000C)
    .ARM.Collect$$libinit$$0000000E          0x08000162   Section        0  libinit2.o(.ARM.Collect$$libinit$$0000000E)
    .ARM.Collect$$libinit$$00000011          0x08000162   Section        0  libinit2.o(.ARM.Collect$$libinit$$00000011)
    .ARM.Collect$$libinit$$00000013          0x08000162   Section        0  libinit2.o(.ARM.Collect$$libinit$$00000013)
    .ARM.Collect$$libinit$$00000015          0x08000162   Section        0  libinit2.o(.ARM.Collect$$libinit$$00000015)
    .ARM.Collect$$libinit$$00000017          0x08000162   Section        0  libinit2.o(.ARM.Collect$$libinit$$00000017)
    .ARM.Collect$$libinit$$00000019          0x08000162   Section        0  libinit2.o(.ARM.Collect$$libinit$$00000019)
    .ARM.Collect$$libinit$$0000001B          0x08000162   Section        0  libinit2.o(.ARM.Collect$$libinit$$0000001B)
    .ARM.Collect$$libinit$$0000001D          0x08000162   Section        0  libinit2.o(.ARM.Collect$$libinit$$0000001D)
    .ARM.Collect$$libinit$$0000001F          0x08000162   Section        0  libinit2.o(.ARM.Collect$$libinit$$0000001F)
    .ARM.Collect$$libinit$$00000021          0x08000162   Section        0  libinit2.o(.ARM.Collect$$libinit$$00000021)
    .ARM.Collect$$libinit$$00000023          0x08000162   Section        0  libinit2.o(.ARM.Collect$$libinit$$00000023)
    .ARM.Collect$$libinit$$00000025          0x08000162   Section        0  libinit2.o(.ARM.Collect$$libinit$$00000025)
    .ARM.Collect$$libinit$$0000002C          0x08000162   Section        0  libinit2.o(.ARM.Collect$$libinit$$0000002C)
    .ARM.Collect$$libinit$$0000002E          0x08000162   Section        0  libinit2.o(.ARM.Collect$$libinit$$0000002E)
    .ARM.Collect$$libinit$$00000030          0x08000162   Section        0  libinit2.o(.ARM.Collect$$libinit$$00000030)
    .ARM.Collect$$libinit$$00000032          0x08000162   Section        0  libinit2.o(.ARM.Collect$$libinit$$00000032)
    .ARM.Collect$$libinit$$00000033          0x08000162   Section        2  libinit2.o(.ARM.Collect$$libinit$$00000033)
    .ARM.Collect$$libshutdown$$00000000      0x08000164   Section        2  libshutdown.o(.ARM.Collect$$libshutdown$$00000000)
    .ARM.Collect$$libshutdown$$00000002      0x08000166   Section        0  libshutdown2.o(.ARM.Collect$$libshutdown$$00000002)
    .ARM.Collect$$libshutdown$$00000004      0x08000166   Section        0  libshutdown2.o(.ARM.Collect$$libshutdown$$00000004)
    .ARM.Collect$$libshutdown$$00000007      0x08000166   Section        0  libshutdown2.o(.ARM.Collect$$libshutdown$$00000007)
    .ARM.Collect$$libshutdown$$0000000A      0x08000166   Section        0  libshutdown2.o(.ARM.Collect$$libshutdown$$0000000A)
    .ARM.Collect$$libshutdown$$0000000C      0x08000166   Section        0  libshutdown2.o(.ARM.Collect$$libshutdown$$0000000C)
    .ARM.Collect$$libshutdown$$0000000F      0x08000166   Section        0  libshutdown2.o(.ARM.Collect$$libshutdown$$0000000F)
    .ARM.Collect$$libshutdown$$00000010      0x08000166   Section        2  libshutdown2.o(.ARM.Collect$$libshutdown$$00000010)
    .ARM.Collect$$rtentry$$00000000          0x08000168   Section        0  __rtentry.o(.ARM.Collect$$rtentry$$00000000)
    .ARM.Collect$$rtentry$$00000002          0x08000168   Section        0  __rtentry2.o(.ARM.Collect$$rtentry$$00000002)
    .ARM.Collect$$rtentry$$00000004          0x08000168   Section        6  __rtentry4.o(.ARM.Collect$$rtentry$$00000004)
    .ARM.Collect$$rtentry$$00000009          0x0800016e   Section        0  __rtentry2.o(.ARM.Collect$$rtentry$$00000009)
    .ARM.Collect$$rtentry$$0000000A          0x0800016e   Section        4  __rtentry2.o(.ARM.Collect$$rtentry$$0000000A)
    .ARM.Collect$$rtentry$$0000000B          0x08000172   Section        8  __rtentry2.o(.ARM.Collect$$rtentry$$0000000B)
    .ARM.Collect$$rtentry$$0000000D          0x0800017a   Section        8  __rtentry2.o(.ARM.Collect$$rtentry$$0000000D)
    .ARM.Collect$$rtexit$$00000000           0x08000182   Section        2  rtexit.o(.ARM.Collect$$rtexit$$00000000)
    .ARM.Collect$$rtexit$$00000002           0x08000184   Section        0  rtexit2.o(.ARM.Collect$$rtexit$$00000002)
    .ARM.Collect$$rtexit$$00000003           0x08000184   Section        4  rtexit2.o(.ARM.Collect$$rtexit$$00000003)
    .ARM.Collect$$rtexit$$00000004           0x08000188   Section        6  rtexit2.o(.ARM.Collect$$rtexit$$00000004)
    .emb_text                                0x08000190   Section       28  rtx_conf_cm.o(.emb_text)
    .emb_text                                0x080001ac   Section      304  hal_cm3.o(.emb_text)
    .text                                    0x080002dc   Section       64  startup_stm32f10x_md.o(.text)
    .text                                    0x0800031c   Section        8  libspace.o(.text)
    .text                                    0x08000324   Section        0  exit.o(.text)
    .text                                    0x08000336   Section        0  heapauxi.o(.text)
    .text                                    0x0800033c   Section        0  sys_exit.o(.text)
    .text                                    0x08000348   Section       74  sys_stackheap_outer.o(.text)
    .text                                    0x08000392   Section        2  use_no_semi.o(.text)
    .text                                    0x08000394   Section        0  indicate_semi.o(.text)
    SVC_TABLE                                0x08000394   Section        4  svc_table.o(SVC_TABLE)
    i.ADC_Cmd                                0x08000398   Section        0  stm32f10x_adc.o(i.ADC_Cmd)
    i.ADC_Configuration                      0x080003b0   Section        0  adc.o(i.ADC_Configuration)
    i.ADC_DeInit                             0x08000424   Section        0  stm32f10x_adc.o(i.ADC_DeInit)
    i.ADC_GetCalibrationStatus               0x08000480   Section        0  stm32f10x_adc.o(i.ADC_GetCalibrationStatus)
    i.ADC_GetConversionValue                 0x08000494   Section        0  stm32f10x_adc.o(i.ADC_GetConversionValue)
    i.ADC_GetFlagStatus                      0x0800049c   Section        0  stm32f10x_adc.o(i.ADC_GetFlagStatus)
    i.ADC_GetResetCalibrationStatus          0x080004ae   Section        0  stm32f10x_adc.o(i.ADC_GetResetCalibrationStatus)
    i.ADC_Init                               0x080004c4   Section        0  stm32f10x_adc.o(i.ADC_Init)
    i.ADC_RegularChannelConfig               0x08000514   Section        0  stm32f10x_adc.o(i.ADC_RegularChannelConfig)
    i.ADC_ResetCalibration                   0x080005cc   Section        0  stm32f10x_adc.o(i.ADC_ResetCalibration)
    i.ADC_SoftwareStartConvCmd               0x080005d6   Section        0  stm32f10x_adc.o(i.ADC_SoftwareStartConvCmd)
    i.ADC_StartCalibration                   0x080005ec   Section        0  stm32f10x_adc.o(i.ADC_StartCalibration)
    i.AutoReset                              0x080005f8   Section        0  rgb_control.o(i.AutoReset)
    i.Blue                                   0x0800062c   Section        0  rgb_control.o(i.Blue)
    i.Green                                  0x0800066c   Section        0  rgb_control.o(i.Green)
    i.RCC_ADCCLKConfig                       0x080006ac   Section        0  stm32f10x_rcc.o(i.RCC_ADCCLKConfig)
    i.RCC_APB2PeriphClockCmd                 0x080006c4   Section        0  stm32f10x_rcc.o(i.RCC_APB2PeriphClockCmd)
    i.RCC_APB2PeriphResetCmd                 0x080006e4   Section        0  stm32f10x_rcc.o(i.RCC_APB2PeriphResetCmd)
    i.RGB_ratio                              0x08000704   Section        0  main.o(i.RGB_ratio)
    i.Red                                    0x080008e8   Section        0  rgb_control.o(i.Red)
    i.SetSysClock                            0x08000928   Section        0  system_stm32f10x.o(i.SetSysClock)
    SetSysClock                              0x08000929   Thumb Code     8  system_stm32f10x.o(i.SetSysClock)
    i.SetSysClockTo72                        0x08000930   Section        0  system_stm32f10x.o(i.SetSysClockTo72)
    SetSysClockTo72                          0x08000931   Thumb Code   214  system_stm32f10x.o(i.SetSysClockTo72)
    i.SystemInit                             0x08000a10   Section        0  system_stm32f10x.o(i.SystemInit)
    i._init_box                              0x08000a70   Section        0  rt_membox.o(i._init_box)
    i._mutex_acquire                         0x08000ab8   Section        0  rtx_conf_cm.o(i._mutex_acquire)
    __tagsym$$used                           0x08000ab9   Number         0  rtx_conf_cm.o(i._mutex_acquire)
    i._mutex_release                         0x08000ad8   Section        0  rtx_conf_cm.o(i._mutex_release)
    __tagsym$$used                           0x08000ad9   Number         0  rtx_conf_cm.o(i._mutex_release)
    i.dbg_init                               0x08000af4   Section        0  hal_cm.o(i.dbg_init)
    i.dbg_task_notify                        0x08000b24   Section        0  hal_cm.o(i.dbg_task_notify)
    i.dbg_task_switch                        0x08000b44   Section        0  hal_cm.o(i.dbg_task_switch)
    i.delayUS_DWT                            0x08000b54   Section        0  delay.o(i.delayUS_DWT)
    i.isrMessageGet                          0x08000b88   Section        0  rt_cmsis.o(i.isrMessageGet)
    i.isrMessagePut                          0x08000bb2   Section        0  rt_cmsis.o(i.isrMessagePut)
    i.isr_mbx_receive                        0x08000be0   Section        0  rt_mailbox.o(i.isr_mbx_receive)
    i.isr_mbx_send                           0x08000c36   Section        0  rt_mailbox.o(i.isr_mbx_send)
    i.main                                   0x08000c44   Section        0  main.o(i.main)
    i.osKernelInitialize                     0x08000dd4   Section        0  rt_cmsis.o(i.osKernelInitialize)
    i.osKernelStart                          0x08000df8   Section        0  rt_cmsis.o(i.osKernelStart)
    i.osMessageGet                           0x08000e64   Section        0  rt_cmsis.o(i.osMessageGet)
    i.osThreadCreate                         0x08000e7c   Section        0  rt_cmsis.o(i.osThreadCreate)
    i.osThreadExit                           0x08000ea8   Section        0  rt_cmsis.o(i.osThreadExit)
    i.osTimerCall                            0x08000ec0   Section        0  rt_cmsis.o(i.osTimerCall)
    i.osTimerThread                          0x08000ecc   Section        0  rt_cmsis.o(i.osTimerThread)
    i.os_error                               0x08000ef8   Section        0  rtx_conf_cm.o(i.os_error)
    i.os_idle_demon                          0x08000f1a   Section        0  rtx_conf_cm.o(i.os_idle_demon)
    i.os_tick_init                           0x08000f20   Section        0  rt_system.o(i.os_tick_init)
    i.os_tick_irqack                         0x08000f48   Section        0  rt_system.o(i.os_tick_irqack)
    i.readADC1                               0x08000f4c   Section        0  adc.o(i.readADC1)
    i.rt_alloc_box                           0x08000f80   Section        0  rt_membox.o(i.rt_alloc_box)
    i.rt_alloc_mem                           0x08000f9a   Section        0  rt_memory.o(i.rt_alloc_mem)
    i.rt_block                               0x08000fd8   Section        0  rt_task.o(i.rt_block)
    i.rt_chk_robin                           0x08001010   Section        0  rt_robin.o(i.rt_chk_robin)
    i.rt_dec_dly                             0x08001058   Section        0  rt_list.o(i.rt_dec_dly)
    i.rt_dispatch                            0x080010c8   Section        0  rt_task.o(i.rt_dispatch)
    i.rt_evt_psh                             0x0800110c   Section        0  rt_event.o(i.rt_evt_psh)
    i.rt_free_box                            0x0800115c   Section        0  rt_membox.o(i.rt_free_box)
    i.rt_free_mem                            0x08001188   Section        0  rt_memory.o(i.rt_free_mem)
    i.rt_get_first                           0x080011b0   Section        0  rt_list.o(i.rt_get_first)
    i.rt_id2obj                              0x080011d8   Section        0  rt_cmsis.o(i.rt_id2obj)
    rt_id2obj                                0x080011d9   Thumb Code     8  rt_cmsis.o(i.rt_id2obj)
    i.rt_init_context                        0x080011e0   Section        0  rt_task.o(i.rt_init_context)
    rt_init_context                          0x080011e1   Thumb Code    66  rt_task.o(i.rt_init_context)
    i.rt_init_mem                            0x08001228   Section        0  rt_memory.o(i.rt_init_mem)
    i.rt_init_robin                          0x08001244   Section        0  rt_robin.o(i.rt_init_robin)
    i.rt_init_stack                          0x0800125c   Section        0  hal_cm.o(i.rt_init_stack)
    i.rt_mbx_check                           0x080012dc   Section        0  rt_mailbox.o(i.rt_mbx_check)
    i.rt_mbx_init                            0x080012e4   Section        0  rt_mailbox.o(i.rt_mbx_init)
    i.rt_mbx_psh                             0x08001300   Section        0  rt_mailbox.o(i.rt_mbx_psh)
    i.rt_mbx_wait                            0x080013f0   Section        0  rt_mailbox.o(i.rt_mbx_wait)
    i.rt_ms2tick                             0x080014a4   Section        0  rt_cmsis.o(i.rt_ms2tick)
    rt_ms2tick                               0x080014a5   Thumb Code    58  rt_cmsis.o(i.rt_ms2tick)
    i.rt_mut_release                         0x080014e8   Section        0  rt_mutex.o(i.rt_mut_release)
    i.rt_mut_wait                            0x080015c0   Section        0  rt_mutex.o(i.rt_mut_wait)
    i.rt_pop_req                             0x08001638   Section        0  rt_system.o(i.rt_pop_req)
    i.rt_psh_req                             0x080016b4   Section        0  rt_system.o(i.rt_psh_req)
    i.rt_psq_enq                             0x080016d4   Section        0  rt_list.o(i.rt_psq_enq)
    i.rt_put_dly                             0x08001730   Section        0  rt_list.o(i.rt_put_dly)
    i.rt_put_prio                            0x08001778   Section        0  rt_list.o(i.rt_put_prio)
    i.rt_put_rdy_first                       0x080017b0   Section        0  rt_list.o(i.rt_put_rdy_first)
    i.rt_resort_prio                         0x080017c4   Section        0  rt_list.o(i.rt_resort_prio)
    i.rt_ret_val                             0x080017f8   Section        0  hal_cm.o(i.rt_ret_val)
    i.rt_ret_val2                            0x080017fe   Section        0  hal_cm.o(i.rt_ret_val2)
    i.rt_rmv_dly                             0x08001806   Section        0  rt_list.o(i.rt_rmv_dly)
    i.rt_rmv_list                            0x08001830   Section        0  rt_list.o(i.rt_rmv_list)
    i.rt_sem_psh                             0x08001860   Section        0  rt_semaphore.o(i.rt_sem_psh)
    i.rt_stk_check                           0x08001894   Section        0  rt_system.o(i.rt_stk_check)
    i.rt_switch_req                          0x080018b8   Section        0  rt_task.o(i.rt_switch_req)
    i.rt_sys_init                            0x080018e0   Section        0  rt_task.o(i.rt_sys_init)
    i.rt_sys_start                           0x080019ac   Section        0  rt_task.o(i.rt_sys_start)
    i.rt_systick                             0x08001a24   Section        0  rt_system.o(i.rt_systick)
    i.rt_tid2ptcb                            0x08001a64   Section        0  rt_cmsis.o(i.rt_tid2ptcb)
    rt_tid2ptcb                              0x08001a65   Thumb Code    18  rt_cmsis.o(i.rt_tid2ptcb)
    i.rt_timer_insert                        0x08001a78   Section        0  rt_cmsis.o(i.rt_timer_insert)
    rt_timer_insert                          0x08001a79   Thumb Code    48  rt_cmsis.o(i.rt_timer_insert)
    i.rt_tsk_create                          0x08001aac   Section        0  rt_task.o(i.rt_tsk_create)
    i.rt_tsk_delete                          0x08001b34   Section        0  rt_task.o(i.rt_tsk_delete)
    i.rt_tsk_prio                            0x08001cb0   Section        0  rt_task.o(i.rt_tsk_prio)
    i.rt_tsk_self                            0x08001d2c   Section        0  rt_task.o(i.rt_tsk_self)
    i.svcKernelInitialize                    0x08001d3c   Section        0  rt_cmsis.o(i.svcKernelInitialize)
    i.svcKernelStart                         0x08001dac   Section        0  rt_cmsis.o(i.svcKernelStart)
    i.svcMessageCreate                       0x08001df4   Section        0  rt_cmsis.o(i.svcMessageCreate)
    i.svcMessageGet                          0x08001e18   Section        0  rt_cmsis.o(i.svcMessageGet)
    i.svcThreadCreate                        0x08001e54   Section        0  rt_cmsis.o(i.svcThreadCreate)
    i.svcThreadGetId                         0x08001ec0   Section        0  rt_cmsis.o(i.svcThreadGetId)
    i.svcThreadTerminate                     0x08001edc   Section        0  rt_cmsis.o(i.svcThreadTerminate)
    i.svcTimerCall                           0x08001f14   Section        0  rt_cmsis.o(i.svcTimerCall)
    i.sysTimerTick                           0x08001f2c   Section        0  rt_cmsis.o(i.sysTimerTick)
    x$fpl$d2f                                0x08001f88   Section       98  d2f.o(x$fpl$d2f)
    x$fpl$dadd                               0x08001fec   Section      336  daddsub_clz.o(x$fpl$dadd)
    _dadd1                                   0x08001ffd   Thumb Code     0  daddsub_clz.o(x$fpl$dadd)
    x$fpl$ddiv                               0x0800213c   Section      688  ddiv.o(x$fpl$ddiv)
    ddiv_entry                               0x08002143   Thumb Code     0  ddiv.o(x$fpl$ddiv)
    x$fpl$dfltu                              0x080023ec   Section       38  dflt_clz.o(x$fpl$dfltu)
    x$fpl$dmul                               0x08002414   Section      340  dmul.o(x$fpl$dmul)
    x$fpl$dnaninf                            0x08002568   Section      156  dnaninf.o(x$fpl$dnaninf)
    x$fpl$dretinf                            0x08002604   Section       12  dretinf.o(x$fpl$dretinf)
    x$fpl$drsb                               0x08002610   Section       22  daddsub_clz.o(x$fpl$drsb)
    x$fpl$dsub                               0x08002628   Section      468  daddsub_clz.o(x$fpl$dsub)
    _dsub1                                   0x08002639   Thumb Code     0  daddsub_clz.o(x$fpl$dsub)
    x$fpl$fadd                               0x080027fc   Section      196  faddsub_clz.o(x$fpl$fadd)
    _fadd1                                   0x0800280b   Thumb Code     0  faddsub_clz.o(x$fpl$fadd)
    x$fpl$fdiv                               0x080028c0   Section      388  fdiv.o(x$fpl$fdiv)
    _fdiv1                                   0x080028c1   Thumb Code     0  fdiv.o(x$fpl$fdiv)
    x$fpl$ffixu                              0x08002a44   Section       62  ffixu.o(x$fpl$ffixu)
    x$fpl$fmul                               0x08002a84   Section      258  fmul.o(x$fpl$fmul)
    x$fpl$fnaninf                            0x08002b86   Section      140  fnaninf.o(x$fpl$fnaninf)
    x$fpl$fretinf                            0x08002c12   Section       10  fretinf.o(x$fpl$fretinf)
    x$fpl$frsb                               0x08002c1c   Section       20  faddsub_clz.o(x$fpl$frsb)
    x$fpl$fsub                               0x08002c30   Section      234  faddsub_clz.o(x$fpl$fsub)
    _fsub1                                   0x08002c3f   Thumb Code     0  faddsub_clz.o(x$fpl$fsub)
    x$fpl$usenofp                            0x08002d1a   Section        0  usenofp.o(x$fpl$usenofp)
    .constdata                               0x08002d1c   Section       64  main.o(.constdata)
    .constdata                               0x08002d5c   Section      104  rtx_conf_cm.o(.constdata)
    __tagsym$$used                           0x08002d78   Number         0  rtx_conf_cm.o(.constdata)
    __tagsym$$used                           0x08002d7c   Number         0  rtx_conf_cm.o(.constdata)
    __tagsym$$used                           0x08002d80   Number         0  rtx_conf_cm.o(.constdata)
    __tagsym$$used                           0x08002d84   Number         0  rtx_conf_cm.o(.constdata)
    .data                                    0x20000000   Section       24  main.o(.data)
    .data                                    0x20000018   Section       20  rtx_conf_cm.o(.data)
    nr_mutex                                 0x20000028   Data           4  rtx_conf_cm.o(.data)
    .data                                    0x2000002c   Section       20  system_stm32f10x.o(.data)
    .data                                    0x20000040   Section        8  rt_cmsis.o(.data)
    .data                                    0x20000048   Section        8  rt_task.o(.data)
    .data                                    0x20000050   Section        8  rt_system.o(.data)
    os_lock                                  0x20000050   Data           1  rt_system.o(.data)
    os_psh_flag                              0x20000051   Data           1  rt_system.o(.data)
    pend_flags                               0x20000052   Data           1  rt_system.o(.data)
    .data                                    0x20000058   Section        4  rt_time.o(.data)
    .data                                    0x2000005c   Section        8  rt_robin.o(.data)
    .data                                    0x20000064   Section        1  hal_cm.o(.data)
    .bss                                     0x20000068   Section     3016  rtx_conf_cm.o(.bss)
    std_libspace                             0x20000910   Data         672  rtx_conf_cm.o(.bss)
    std_libmutex                             0x20000bb0   Data         128  rtx_conf_cm.o(.bss)
    .bss                                     0x20000c30   Section       52  rt_task.o(.bss)
    .bss                                     0x20000c64   Section       48  rt_list.o(.bss)
    .bss                                     0x20000c94   Section       96  libspace.o(.bss)
    HEAP                                     0x20000cf8   Section      512  startup_stm32f10x_md.o(HEAP)
    Heap_Mem                                 0x20000cf8   Data         512  startup_stm32f10x_md.o(HEAP)
    STACK                                    0x20000ef8   Section     1024  startup_stm32f10x_md.o(STACK)
    Stack_Mem                                0x20000ef8   Data        1024  startup_stm32f10x_md.o(STACK)
    __initial_sp                             0x200012f8   Data           0  startup_stm32f10x_md.o(STACK)

    Global Symbols

    Symbol Name                              Value     Ov Type        Size  Object(Section)

    BuildAttributes$$THM_ISAv4$P$D$K$B$S$PE$A:L22UL41UL21$X:L11$S22US41US21$IEEE1$IW$USESV6$~STKCKD$USESV7$~SHL$OSPACE$ROPI$EBA8$UX$STANDARDLIB$REQ8$PRES8$EABIv2 0x00000000   Number         0  anon$$obj.o ABSOLUTE
    __ARM_use_no_argv                        0x00000000   Number         0  main.o ABSOLUTE
    __ARM_exceptions_init                     - Undefined Weak Reference
    __alloca_initialize                       - Undefined Weak Reference
    __arm_preinit_                            - Undefined Weak Reference
    __cpp_initialize__aeabi_                  - Undefined Weak Reference
    __cxa_finalize                            - Undefined Weak Reference
    __rt_locale                               - Undefined Weak Reference
    __sigvec_lookup                           - Undefined Weak Reference
    _atexit_init                              - Undefined Weak Reference
    _call_atexit_fns                          - Undefined Weak Reference
    _clock_init                               - Undefined Weak Reference
    _fp_trap_init                             - Undefined Weak Reference
    _fp_trap_shutdown                         - Undefined Weak Reference
    _get_lc_collate                           - Undefined Weak Reference
    _get_lc_ctype                             - Undefined Weak Reference
    _get_lc_monetary                          - Undefined Weak Reference
    _get_lc_numeric                           - Undefined Weak Reference
    _get_lc_time                              - Undefined Weak Reference
    _getenv_init                              - Undefined Weak Reference
    _handle_redirection                       - Undefined Weak Reference
    _init_alloc                               - Undefined Weak Reference
    _init_user_alloc                          - Undefined Weak Reference
    _initio                                   - Undefined Weak Reference
    _rand_init                                - Undefined Weak Reference
    _signal_finish                            - Undefined Weak Reference
    _signal_init                              - Undefined Weak Reference
    _terminate_alloc                          - Undefined Weak Reference
    _terminate_user_alloc                     - Undefined Weak Reference
    _terminateio                              - Undefined Weak Reference
    __Vectors_Size                           0x000000ec   Number         0  startup_stm32f10x_md.o ABSOLUTE
    __RL_RTX_VER                             0x00000482   Number         0  rt_system.o ABSOLUTE
    __Vectors                                0x08000000   Data           4  startup_stm32f10x_md.o(RESET)
    __Vectors_End                            0x080000ec   Data           0  startup_stm32f10x_md.o(RESET)
    __main                                   0x080000ed   Thumb Code     8  __main.o(!!!main)
    __scatterload                            0x080000f5   Thumb Code     0  __scatter.o(!!!scatter)
    __scatterload_rt2                        0x080000f5   Thumb Code    44  __scatter.o(!!!scatter)
    __scatterload_rt2_thumb_only             0x080000f5   Thumb Code     0  __scatter.o(!!!scatter)
    __scatterload_null                       0x08000103   Thumb Code     0  __scatter.o(!!!scatter)
    __scatterload_copy                       0x08000129   Thumb Code    26  __scatter_copy.o(!!handler_copy)
    __scatterload_zeroinit                   0x08000145   Thumb Code    28  __scatter_zi.o(!!handler_zi)
    __rt_lib_init                            0x08000161   Thumb Code     0  libinit.o(.ARM.Collect$$libinit$$00000000)
    __rt_lib_init_alloca_1                   0x08000163   Thumb Code     0  libinit2.o(.ARM.Collect$$libinit$$0000002E)
    __rt_lib_init_argv_1                     0x08000163   Thumb Code     0  libinit2.o(.ARM.Collect$$libinit$$0000002C)
    __rt_lib_init_atexit_1                   0x08000163   Thumb Code     0  libinit2.o(.ARM.Collect$$libinit$$0000001B)
    __rt_lib_init_clock_1                    0x08000163   Thumb Code     0  libinit2.o(.ARM.Collect$$libinit$$00000021)
    __rt_lib_init_cpp_1                      0x08000163   Thumb Code     0  libinit2.o(.ARM.Collect$$libinit$$00000032)
    __rt_lib_init_exceptions_1               0x08000163   Thumb Code     0  libinit2.o(.ARM.Collect$$libinit$$00000030)
    __rt_lib_init_fp_1                       0x08000163   Thumb Code     0  libinit2.o(.ARM.Collect$$libinit$$00000002)
    __rt_lib_init_fp_trap_1                  0x08000163   Thumb Code     0  libinit2.o(.ARM.Collect$$libinit$$0000001F)
    __rt_lib_init_getenv_1                   0x08000163   Thumb Code     0  libinit2.o(.ARM.Collect$$libinit$$00000023)
    __rt_lib_init_heap_1                     0x08000163   Thumb Code     0  libinit2.o(.ARM.Collect$$libinit$$0000000A)
    __rt_lib_init_lc_collate_1               0x08000163   Thumb Code     0  libinit2.o(.ARM.Collect$$libinit$$00000011)
    __rt_lib_init_lc_ctype_1                 0x08000163   Thumb Code     0  libinit2.o(.ARM.Collect$$libinit$$00000013)
    __rt_lib_init_lc_monetary_1              0x08000163   Thumb Code     0  libinit2.o(.ARM.Collect$$libinit$$00000015)
    __rt_lib_init_lc_numeric_1               0x08000163   Thumb Code     0  libinit2.o(.ARM.Collect$$libinit$$00000017)
    __rt_lib_init_lc_time_1                  0x08000163   Thumb Code     0  libinit2.o(.ARM.Collect$$libinit$$00000019)
    __rt_lib_init_preinit_1                  0x08000163   Thumb Code     0  libinit2.o(.ARM.Collect$$libinit$$00000004)
    __rt_lib_init_rand_1                     0x08000163   Thumb Code     0  libinit2.o(.ARM.Collect$$libinit$$0000000E)
    __rt_lib_init_return                     0x08000163   Thumb Code     0  libinit2.o(.ARM.Collect$$libinit$$00000033)
    __rt_lib_init_signal_1                   0x08000163   Thumb Code     0  libinit2.o(.ARM.Collect$$libinit$$0000001D)
    __rt_lib_init_stdio_1                    0x08000163   Thumb Code     0  libinit2.o(.ARM.Collect$$libinit$$00000025)
    __rt_lib_init_user_alloc_1               0x08000163   Thumb Code     0  libinit2.o(.ARM.Collect$$libinit$$0000000C)
    __rt_lib_shutdown                        0x08000165   Thumb Code     0  libshutdown.o(.ARM.Collect$$libshutdown$$00000000)
    __rt_lib_shutdown_cpp_1                  0x08000167   Thumb Code     0  libshutdown2.o(.ARM.Collect$$libshutdown$$00000002)
    __rt_lib_shutdown_fp_trap_1              0x08000167   Thumb Code     0  libshutdown2.o(.ARM.Collect$$libshutdown$$00000007)
    __rt_lib_shutdown_heap_1                 0x08000167   Thumb Code     0  libshutdown2.o(.ARM.Collect$$libshutdown$$0000000F)
    __rt_lib_shutdown_return                 0x08000167   Thumb Code     0  libshutdown2.o(.ARM.Collect$$libshutdown$$00000010)
    __rt_lib_shutdown_signal_1               0x08000167   Thumb Code     0  libshutdown2.o(.ARM.Collect$$libshutdown$$0000000A)
    __rt_lib_shutdown_stdio_1                0x08000167   Thumb Code     0  libshutdown2.o(.ARM.Collect$$libshutdown$$00000004)
    __rt_lib_shutdown_user_alloc_1           0x08000167   Thumb Code     0  libshutdown2.o(.ARM.Collect$$libshutdown$$0000000C)
    __rt_entry                               0x08000169   Thumb Code     0  __rtentry.o(.ARM.Collect$$rtentry$$00000000)
    __rt_entry_presh_1                       0x08000169   Thumb Code     0  __rtentry2.o(.ARM.Collect$$rtentry$$00000002)
    __rt_entry_sh                            0x08000169   Thumb Code     0  __rtentry4.o(.ARM.Collect$$rtentry$$00000004)
    __rt_entry_li                            0x0800016f   Thumb Code     0  __rtentry2.o(.ARM.Collect$$rtentry$$0000000A)
    __rt_entry_postsh_1                      0x0800016f   Thumb Code     0  __rtentry2.o(.ARM.Collect$$rtentry$$00000009)
    __rt_entry_postli_1                      0x08000173   Thumb Code     0  __rtentry2.o(.ARM.Collect$$rtentry$$0000000B)
    __rt_entry_main                          0x0800017b   Thumb Code     0  __rtentry2.o(.ARM.Collect$$rtentry$$0000000D)
    __rt_exit                                0x08000183   Thumb Code     0  rtexit.o(.ARM.Collect$$rtexit$$00000000)
    __rt_exit_ls                             0x08000185   Thumb Code     0  rtexit2.o(.ARM.Collect$$rtexit$$00000003)
    __rt_exit_prels_1                        0x08000185   Thumb Code     0  rtexit2.o(.ARM.Collect$$rtexit$$00000002)
    __rt_exit_exit                           0x08000189   Thumb Code     0  rtexit2.o(.ARM.Collect$$rtexit$$00000004)
    _platform_post_lib_init                  0x08000191   Thumb Code    24  rtx_conf_cm.o(.emb_text)
    rt_set_PSP                               0x080001ad   Thumb Code     6  hal_cm3.o(.emb_text)
    rt_get_PSP                               0x080001b3   Thumb Code     6  hal_cm3.o(.emb_text)
    os_set_env                               0x080001b9   Thumb Code    24  hal_cm3.o(.emb_text)
    _alloc_box                               0x080001d5   Thumb Code    28  hal_cm3.o(.emb_text)
    _free_box                                0x080001f5   Thumb Code    28  hal_cm3.o(.emb_text)
    SVC_Handler                              0x08000215   Thumb Code   108  hal_cm3.o(.emb_text)
    PendSV_Handler                           0x0800028d   Thumb Code    56  hal_cm3.o(.emb_text)
    SysTick_Handler                          0x080002c9   Thumb Code     8  hal_cm3.o(.emb_text)
    OS_Tick_Handler                          0x080002d1   Thumb Code    12  hal_cm3.o(.emb_text)
    Reset_Handler                            0x080002dd   Thumb Code     8  startup_stm32f10x_md.o(.text)
    NMI_Handler                              0x080002e5   Thumb Code     2  startup_stm32f10x_md.o(.text)
    HardFault_Handler                        0x080002e7   Thumb Code     2  startup_stm32f10x_md.o(.text)
    MemManage_Handler                        0x080002e9   Thumb Code     2  startup_stm32f10x_md.o(.text)
    BusFault_Handler                         0x080002eb   Thumb Code     2  startup_stm32f10x_md.o(.text)
    UsageFault_Handler                       0x080002ed   Thumb Code     2  startup_stm32f10x_md.o(.text)
    DebugMon_Handler                         0x080002f1   Thumb Code     2  startup_stm32f10x_md.o(.text)
    ADC1_2_IRQHandler                        0x080002f7   Thumb Code     0  startup_stm32f10x_md.o(.text)
    CAN1_RX1_IRQHandler                      0x080002f7   Thumb Code     0  startup_stm32f10x_md.o(.text)
    CAN1_SCE_IRQHandler                      0x080002f7   Thumb Code     0  startup_stm32f10x_md.o(.text)
    DMA1_Channel1_IRQHandler                 0x080002f7   Thumb Code     0  startup_stm32f10x_md.o(.text)
    DMA1_Channel2_IRQHandler                 0x080002f7   Thumb Code     0  startup_stm32f10x_md.o(.text)
    DMA1_Channel3_IRQHandler                 0x080002f7   Thumb Code     0  startup_stm32f10x_md.o(.text)
    DMA1_Channel4_IRQHandler                 0x080002f7   Thumb Code     0  startup_stm32f10x_md.o(.text)
    DMA1_Channel5_IRQHandler                 0x080002f7   Thumb Code     0  startup_stm32f10x_md.o(.text)
    DMA1_Channel6_IRQHandler                 0x080002f7   Thumb Code     0  startup_stm32f10x_md.o(.text)
    DMA1_Channel7_IRQHandler                 0x080002f7   Thumb Code     0  startup_stm32f10x_md.o(.text)
    EXTI0_IRQHandler                         0x080002f7   Thumb Code     0  startup_stm32f10x_md.o(.text)
    EXTI15_10_IRQHandler                     0x080002f7   Thumb Code     0  startup_stm32f10x_md.o(.text)
    EXTI1_IRQHandler                         0x080002f7   Thumb Code     0  startup_stm32f10x_md.o(.text)
    EXTI2_IRQHandler                         0x080002f7   Thumb Code     0  startup_stm32f10x_md.o(.text)
    EXTI3_IRQHandler                         0x080002f7   Thumb Code     0  startup_stm32f10x_md.o(.text)
    EXTI4_IRQHandler                         0x080002f7   Thumb Code     0  startup_stm32f10x_md.o(.text)
    EXTI9_5_IRQHandler                       0x080002f7   Thumb Code     0  startup_stm32f10x_md.o(.text)
    FLASH_IRQHandler                         0x080002f7   Thumb Code     0  startup_stm32f10x_md.o(.text)
    I2C1_ER_IRQHandler                       0x080002f7   Thumb Code     0  startup_stm32f10x_md.o(.text)
    I2C1_EV_IRQHandler                       0x080002f7   Thumb Code     0  startup_stm32f10x_md.o(.text)
    I2C2_ER_IRQHandler                       0x080002f7   Thumb Code     0  startup_stm32f10x_md.o(.text)
    I2C2_EV_IRQHandler                       0x080002f7   Thumb Code     0  startup_stm32f10x_md.o(.text)
    PVD_IRQHandler                           0x080002f7   Thumb Code     0  startup_stm32f10x_md.o(.text)
    RCC_IRQHandler                           0x080002f7   Thumb Code     0  startup_stm32f10x_md.o(.text)
    RTCAlarm_IRQHandler                      0x080002f7   Thumb Code     0  startup_stm32f10x_md.o(.text)
    RTC_IRQHandler                           0x080002f7   Thumb Code     0  startup_stm32f10x_md.o(.text)
    SPI1_IRQHandler                          0x080002f7   Thumb Code     0  startup_stm32f10x_md.o(.text)
    SPI2_IRQHandler                          0x080002f7   Thumb Code     0  startup_stm32f10x_md.o(.text)
    TAMPER_IRQHandler                        0x080002f7   Thumb Code     0  startup_stm32f10x_md.o(.text)
    TIM1_BRK_IRQHandler                      0x080002f7   Thumb Code     0  startup_stm32f10x_md.o(.text)
    TIM1_CC_IRQHandler                       0x080002f7   Thumb Code     0  startup_stm32f10x_md.o(.text)
    TIM1_TRG_COM_IRQHandler                  0x080002f7   Thumb Code     0  startup_stm32f10x_md.o(.text)
    TIM1_UP_IRQHandler                       0x080002f7   Thumb Code     0  startup_stm32f10x_md.o(.text)
    TIM2_IRQHandler                          0x080002f7   Thumb Code     0  startup_stm32f10x_md.o(.text)
    TIM3_IRQHandler                          0x080002f7   Thumb Code     0  startup_stm32f10x_md.o(.text)
    TIM4_IRQHandler                          0x080002f7   Thumb Code     0  startup_stm32f10x_md.o(.text)
    USART1_IRQHandler                        0x080002f7   Thumb Code     0  startup_stm32f10x_md.o(.text)
    USART2_IRQHandler                        0x080002f7   Thumb Code     0  startup_stm32f10x_md.o(.text)
    USART3_IRQHandler                        0x080002f7   Thumb Code     0  startup_stm32f10x_md.o(.text)
    USBWakeUp_IRQHandler                     0x080002f7   Thumb Code     0  startup_stm32f10x_md.o(.text)
    USB_HP_CAN1_TX_IRQHandler                0x080002f7   Thumb Code     0  startup_stm32f10x_md.o(.text)
    USB_LP_CAN1_RX0_IRQHandler               0x080002f7   Thumb Code     0  startup_stm32f10x_md.o(.text)
    WWDG_IRQHandler                          0x080002f7   Thumb Code     0  startup_stm32f10x_md.o(.text)
    __user_initial_stackheap                 0x080002f9   Thumb Code     0  startup_stm32f10x_md.o(.text)
    __user_libspace                          0x0800031d   Thumb Code     8  libspace.o(.text)
    __user_perproc_libspace                  0x0800031d   Thumb Code     0  libspace.o(.text)
    exit                                     0x08000325   Thumb Code    18  exit.o(.text)
    __use_two_region_memory                  0x08000337   Thumb Code     2  heapauxi.o(.text)
    __rt_heap_escrow$2region                 0x08000339   Thumb Code     2  heapauxi.o(.text)
    __rt_heap_expand$2region                 0x0800033b   Thumb Code     2  heapauxi.o(.text)
    _sys_exit                                0x0800033d   Thumb Code     8  sys_exit.o(.text)
    __user_setup_stackheap                   0x08000349   Thumb Code    74  sys_stackheap_outer.o(.text)
    __I$use$semihosting                      0x08000393   Thumb Code     0  use_no_semi.o(.text)
    __use_no_semihosting_swi                 0x08000393   Thumb Code     2  use_no_semi.o(.text)
    SVC_Count                                0x08000394   Data           4  svc_table.o(SVC_TABLE)
    __semihosting_library_function           0x08000395   Thumb Code     0  indicate_semi.o(.text)
    ADC_Cmd                                  0x08000399   Thumb Code    22  stm32f10x_adc.o(i.ADC_Cmd)
    SVC_Table                                0x08000398   Data           0  svc_table.o(SVC_TABLE)
    ADC_Configuration                        0x080003b1   Thumb Code   110  adc.o(i.ADC_Configuration)
    ADC_DeInit                               0x08000425   Thumb Code    78  stm32f10x_adc.o(i.ADC_DeInit)
    ADC_GetCalibrationStatus                 0x08000481   Thumb Code    20  stm32f10x_adc.o(i.ADC_GetCalibrationStatus)
    ADC_GetConversionValue                   0x08000495   Thumb Code     8  stm32f10x_adc.o(i.ADC_GetConversionValue)
    ADC_GetFlagStatus                        0x0800049d   Thumb Code    18  stm32f10x_adc.o(i.ADC_GetFlagStatus)
    ADC_GetResetCalibrationStatus            0x080004af   Thumb Code    20  stm32f10x_adc.o(i.ADC_GetResetCalibrationStatus)
    ADC_Init                                 0x080004c5   Thumb Code    70  stm32f10x_adc.o(i.ADC_Init)
    ADC_RegularChannelConfig                 0x08000515   Thumb Code   184  stm32f10x_adc.o(i.ADC_RegularChannelConfig)
    ADC_ResetCalibration                     0x080005cd   Thumb Code    10  stm32f10x_adc.o(i.ADC_ResetCalibration)
    ADC_SoftwareStartConvCmd                 0x080005d7   Thumb Code    22  stm32f10x_adc.o(i.ADC_SoftwareStartConvCmd)
    ADC_StartCalibration                     0x080005ed   Thumb Code    10  stm32f10x_adc.o(i.ADC_StartCalibration)
    AutoReset                                0x080005f9   Thumb Code    42  rgb_control.o(i.AutoReset)
    Blue                                     0x0800062d   Thumb Code    56  rgb_control.o(i.Blue)
    Green                                    0x0800066d   Thumb Code    56  rgb_control.o(i.Green)
    RCC_ADCCLKConfig                         0x080006ad   Thumb Code    18  stm32f10x_rcc.o(i.RCC_ADCCLKConfig)
    RCC_APB2PeriphClockCmd                   0x080006c5   Thumb Code    26  stm32f10x_rcc.o(i.RCC_APB2PeriphClockCmd)
    RCC_APB2PeriphResetCmd                   0x080006e5   Thumb Code    26  stm32f10x_rcc.o(i.RCC_APB2PeriphResetCmd)
    RGB_ratio                                0x08000705   Thumb Code   446  main.o(i.RGB_ratio)
    Red                                      0x080008e9   Thumb Code    56  rgb_control.o(i.Red)
    SystemInit                               0x08000a11   Thumb Code    78  system_stm32f10x.o(i.SystemInit)
    _init_box                                0x08000a71   Thumb Code    70  rt_membox.o(i._init_box)
    _mutex_acquire                           0x08000ab9   Thumb Code    22  rtx_conf_cm.o(i._mutex_acquire)
    _mutex_release                           0x08000ad9   Thumb Code    18  rtx_conf_cm.o(i._mutex_release)
    dbg_init                                 0x08000af5   Thumb Code    34  hal_cm.o(i.dbg_init)
    dbg_task_notify                          0x08000b25   Thumb Code    32  hal_cm.o(i.dbg_task_notify)
    dbg_task_switch                          0x08000b45   Thumb Code    16  hal_cm.o(i.dbg_task_switch)
    delayUS_DWT                              0x08000b55   Thumb Code    40  delay.o(i.delayUS_DWT)
    isrMessageGet                            0x08000b89   Thumb Code    42  rt_cmsis.o(i.isrMessageGet)
    isrMessagePut                            0x08000bb3   Thumb Code    44  rt_cmsis.o(i.isrMessagePut)
    isr_mbx_receive                          0x08000be1   Thumb Code    86  rt_mailbox.o(i.isr_mbx_receive)
    isr_mbx_send                             0x08000c37   Thumb Code    14  rt_mailbox.o(i.isr_mbx_send)
    main                                     0x08000c45   Thumb Code   330  main.o(i.main)
    osKernelInitialize                       0x08000dd5   Thumb Code    30  rt_cmsis.o(i.osKernelInitialize)
    osKernelStart                            0x08000df9   Thumb Code    98  rt_cmsis.o(i.osKernelStart)
    osMessageGet                             0x08000e65   Thumb Code    18  rt_cmsis.o(i.osMessageGet)
    osThreadCreate                           0x08000e7d   Thumb Code    36  rt_cmsis.o(i.osThreadCreate)
    osThreadExit                             0x08000ea9   Thumb Code    14  rt_cmsis.o(i.osThreadExit)
    osTimerCall                              0x08000ec1   Thumb Code     8  rt_cmsis.o(i.osTimerCall)
    osTimerThread                            0x08000ecd   Thumb Code    38  rt_cmsis.o(i.osTimerThread)
    os_error                                 0x08000ef9   Thumb Code    34  rtx_conf_cm.o(i.os_error)
    os_idle_demon                            0x08000f1b   Thumb Code     4  rtx_conf_cm.o(i.os_idle_demon)
    os_tick_init                             0x08000f21   Thumb Code    32  rt_system.o(i.os_tick_init)
    os_tick_irqack                           0x08000f49   Thumb Code     2  rt_system.o(i.os_tick_irqack)
    readADC1                                 0x08000f4d   Thumb Code    46  adc.o(i.readADC1)
    rt_alloc_box                             0x08000f81   Thumb Code    26  rt_membox.o(i.rt_alloc_box)
    rt_alloc_mem                             0x08000f9b   Thumb Code    62  rt_memory.o(i.rt_alloc_mem)
    rt_block                                 0x08000fd9   Thumb Code    48  rt_task.o(i.rt_block)
    rt_chk_robin                             0x08001011   Thumb Code    60  rt_robin.o(i.rt_chk_robin)
    rt_dec_dly                               0x08001059   Thumb Code   102  rt_list.o(i.rt_dec_dly)
    rt_dispatch                              0x080010c9   Thumb Code    60  rt_task.o(i.rt_dispatch)
    rt_evt_psh                               0x0800110d   Thumb Code    76  rt_event.o(i.rt_evt_psh)
    rt_free_box                              0x0800115d   Thumb Code    44  rt_membox.o(i.rt_free_box)
    rt_free_mem                              0x08001189   Thumb Code    40  rt_memory.o(i.rt_free_mem)
    rt_get_first                             0x080011b1   Thumb Code    40  rt_list.o(i.rt_get_first)
    rt_init_mem                              0x08001229   Thumb Code    26  rt_memory.o(i.rt_init_mem)
    rt_init_robin                            0x08001245   Thumb Code    14  rt_robin.o(i.rt_init_robin)
    rt_init_stack                            0x0800125d   Thumb Code   118  hal_cm.o(i.rt_init_stack)
    rt_mbx_check                             0x080012dd   Thumb Code     8  rt_mailbox.o(i.rt_mbx_check)
    rt_mbx_init                              0x080012e5   Thumb Code    26  rt_mailbox.o(i.rt_mbx_init)
    rt_mbx_psh                               0x08001301   Thumb Code   236  rt_mailbox.o(i.rt_mbx_psh)
    rt_mbx_wait                              0x080013f1   Thumb Code   174  rt_mailbox.o(i.rt_mbx_wait)
    rt_mut_release                           0x080014e9   Thumb Code   208  rt_mutex.o(i.rt_mut_release)
    rt_mut_wait                              0x080015c1   Thumb Code   114  rt_mutex.o(i.rt_mut_wait)
    rt_pop_req                               0x08001639   Thumb Code   112  rt_system.o(i.rt_pop_req)
    rt_psh_req                               0x080016b5   Thumb Code    22  rt_system.o(i.rt_psh_req)
    rt_psq_enq                               0x080016d5   Thumb Code    88  rt_list.o(i.rt_psq_enq)
    rt_put_dly                               0x08001731   Thumb Code    68  rt_list.o(i.rt_put_dly)
    rt_put_prio                              0x08001779   Thumb Code    54  rt_list.o(i.rt_put_prio)
    rt_put_rdy_first                         0x080017b1   Thumb Code    14  rt_list.o(i.rt_put_rdy_first)
    rt_resort_prio                           0x080017c5   Thumb Code    46  rt_list.o(i.rt_resort_prio)
    rt_ret_val                               0x080017f9   Thumb Code     6  hal_cm.o(i.rt_ret_val)
    rt_ret_val2                              0x080017ff   Thumb Code     8  hal_cm.o(i.rt_ret_val2)
    rt_rmv_dly                               0x08001807   Thumb Code    40  rt_list.o(i.rt_rmv_dly)
    rt_rmv_list                              0x08001831   Thumb Code    44  rt_list.o(i.rt_rmv_list)
    rt_sem_psh                               0x08001861   Thumb Code    48  rt_semaphore.o(i.rt_sem_psh)
    rt_stk_check                             0x08001895   Thumb Code    28  rt_system.o(i.rt_stk_check)
    rt_switch_req                            0x080018b9   Thumb Code    30  rt_task.o(i.rt_switch_req)
    rt_sys_init                              0x080018e1   Thumb Code   138  rt_task.o(i.rt_sys_init)
    rt_sys_start                             0x080019ad   Thumb Code   110  rt_task.o(i.rt_sys_start)
    rt_systick                               0x08001a25   Thumb Code    50  rt_system.o(i.rt_systick)
    rt_tsk_create                            0x08001aad   Thumb Code   118  rt_task.o(i.rt_tsk_create)
    rt_tsk_delete                            0x08001b35   Thumb Code   352  rt_task.o(i.rt_tsk_delete)
    rt_tsk_prio                              0x08001cb1   Thumb Code   108  rt_task.o(i.rt_tsk_prio)
    rt_tsk_self                              0x08001d2d   Thumb Code    12  rt_task.o(i.rt_tsk_self)
    svcKernelInitialize                      0x08001d3d   Thumb Code    80  rt_cmsis.o(i.svcKernelInitialize)
    svcKernelStart                           0x08001dad   Thumb Code    62  rt_cmsis.o(i.svcKernelStart)
    svcMessageCreate                         0x08001df5   Thumb Code    36  rt_cmsis.o(i.svcMessageCreate)
    svcMessageGet                            0x08001e19   Thumb Code    58  rt_cmsis.o(i.svcMessageGet)
    svcThreadCreate                          0x08001e55   Thumb Code    96  rt_cmsis.o(i.svcThreadCreate)
    svcThreadGetId                           0x08001ec1   Thumb Code    22  rt_cmsis.o(i.svcThreadGetId)
    svcThreadTerminate                       0x08001edd   Thumb Code    50  rt_cmsis.o(i.svcThreadTerminate)
    svcTimerCall                             0x08001f15   Thumb Code    24  rt_cmsis.o(i.svcTimerCall)
    sysTimerTick                             0x08001f2d   Thumb Code    84  rt_cmsis.o(i.sysTimerTick)
    __aeabi_d2f                              0x08001f89   Thumb Code     0  d2f.o(x$fpl$d2f)
    _d2f                                     0x08001f89   Thumb Code    98  d2f.o(x$fpl$d2f)
    __aeabi_dadd                             0x08001fed   Thumb Code     0  daddsub_clz.o(x$fpl$dadd)
    _dadd                                    0x08001fed   Thumb Code   332  daddsub_clz.o(x$fpl$dadd)
    __aeabi_ddiv                             0x0800213d   Thumb Code     0  ddiv.o(x$fpl$ddiv)
    _ddiv                                    0x0800213d   Thumb Code   552  ddiv.o(x$fpl$ddiv)
    __aeabi_ui2d                             0x080023ed   Thumb Code     0  dflt_clz.o(x$fpl$dfltu)
    _dfltu                                   0x080023ed   Thumb Code    38  dflt_clz.o(x$fpl$dfltu)
    __aeabi_dmul                             0x08002415   Thumb Code     0  dmul.o(x$fpl$dmul)
    _dmul                                    0x08002415   Thumb Code   332  dmul.o(x$fpl$dmul)
    __fpl_dnaninf                            0x08002569   Thumb Code   156  dnaninf.o(x$fpl$dnaninf)
    __fpl_dretinf                            0x08002605   Thumb Code    12  dretinf.o(x$fpl$dretinf)
    __aeabi_drsub                            0x08002611   Thumb Code     0  daddsub_clz.o(x$fpl$drsb)
    _drsb                                    0x08002611   Thumb Code    22  daddsub_clz.o(x$fpl$drsb)
    __aeabi_dsub                             0x08002629   Thumb Code     0  daddsub_clz.o(x$fpl$dsub)
    _dsub                                    0x08002629   Thumb Code   464  daddsub_clz.o(x$fpl$dsub)
    __aeabi_fadd                             0x080027fd   Thumb Code     0  faddsub_clz.o(x$fpl$fadd)
    _fadd                                    0x080027fd   Thumb Code   196  faddsub_clz.o(x$fpl$fadd)
    __aeabi_fdiv                             0x080028c1   Thumb Code     0  fdiv.o(x$fpl$fdiv)
    _fdiv                                    0x080028c1   Thumb Code   384  fdiv.o(x$fpl$fdiv)
    __aeabi_f2uiz                            0x08002a45   Thumb Code     0  ffixu.o(x$fpl$ffixu)
    _ffixu                                   0x08002a45   Thumb Code    62  ffixu.o(x$fpl$ffixu)
    __aeabi_fmul                             0x08002a85   Thumb Code     0  fmul.o(x$fpl$fmul)
    _fmul                                    0x08002a85   Thumb Code   258  fmul.o(x$fpl$fmul)
    __fpl_fnaninf                            0x08002b87   Thumb Code   140  fnaninf.o(x$fpl$fnaninf)
    __fpl_fretinf                            0x08002c13   Thumb Code    10  fretinf.o(x$fpl$fretinf)
    __aeabi_frsub                            0x08002c1d   Thumb Code     0  faddsub_clz.o(x$fpl$frsb)
    _frsb                                    0x08002c1d   Thumb Code    20  faddsub_clz.o(x$fpl$frsb)
    __aeabi_fsub                             0x08002c31   Thumb Code     0  faddsub_clz.o(x$fpl$fsub)
    _fsub                                    0x08002c31   Thumb Code   234  faddsub_clz.o(x$fpl$fsub)
    __I$use$fp                               0x08002d1a   Number         0  usenofp.o(x$fpl$usenofp)
    os_thread_def_Red                        0x08002d1c   Data          16  main.o(.constdata)
    os_thread_def_Blue                       0x08002d2c   Data          16  main.o(.constdata)
    os_thread_def_Green                      0x08002d3c   Data          16  main.o(.constdata)
    os_thread_def_AutoReset                  0x08002d4c   Data          16  main.o(.constdata)
    os_maxtaskrun                            0x08002d5c   Data           2  rtx_conf_cm.o(.constdata)
    os_stackinfo                             0x08002d60   Data           4  rtx_conf_cm.o(.constdata)
    os_rrobin                                0x08002d64   Data           4  rtx_conf_cm.o(.constdata)
    os_tickfreq                              0x08002d68   Data           4  rtx_conf_cm.o(.constdata)
    os_tickus_i                              0x08002d6c   Data           2  rtx_conf_cm.o(.constdata)
    os_tickus_f                              0x08002d6e   Data           2  rtx_conf_cm.o(.constdata)
    os_trv                                   0x08002d70   Data           4  rtx_conf_cm.o(.constdata)
    os_flags                                 0x08002d74   Data           1  rtx_conf_cm.o(.constdata)
    CMSIS_RTOS_API_Version                   0x08002d78   Data           4  rtx_conf_cm.o(.constdata)
    CMSIS_RTOS_RTX_Version                   0x08002d7c   Data           4  rtx_conf_cm.o(.constdata)
    os_clockrate                             0x08002d80   Data           4  rtx_conf_cm.o(.constdata)
    os_timernum                              0x08002d84   Data           4  rtx_conf_cm.o(.constdata)
    mp_tcb_size                              0x08002d88   Data           2  rtx_conf_cm.o(.constdata)
    mp_stk_size                              0x08002d8c   Data           4  rtx_conf_cm.o(.constdata)
    os_stack_sz                              0x08002d90   Data           4  rtx_conf_cm.o(.constdata)
    os_fifo_size                             0x08002d94   Data           1  rtx_conf_cm.o(.constdata)
    os_thread_def_osTimerThread              0x08002d98   Data          16  rtx_conf_cm.o(.constdata)
    os_messageQ_def_osTimerMessageQ          0x08002da8   Data           8  rtx_conf_cm.o(.constdata)
    mp_tmr_size                              0x08002db0   Data           2  rtx_conf_cm.o(.constdata)
    os_thread_def_main                       0x08002db4   Data          16  rtx_conf_cm.o(.constdata)
    Region$$Table$$Base                      0x08002dc4   Number         0  anon$$obj.o(Region$$Table)
    Region$$Table$$Limit                     0x08002de4   Number         0  anon$$obj.o(Region$$Table)
    red_lm                                   0x20000000   Data           4  main.o(.data)
    green_lm                                 0x20000004   Data           4  main.o(.data)
    blue_lm                                  0x20000008   Data           4  main.o(.data)
    target_xy                                0x2000000c   Data           8  main.o(.data)
    brightness                               0x20000014   Data           4  main.o(.data)
    osThreadId_osTimerThread                 0x20000018   Data           4  rtx_conf_cm.o(.data)
    osMessageQId_osTimerMessageQ             0x2000001c   Data           4  rtx_conf_cm.o(.data)
    os_tmr                                   0x20000020   Data           4  rtx_conf_cm.o(.data)
    m_tmr                                    0x20000024   Data           4  rtx_conf_cm.o(.data)
    SystemCoreClock                          0x2000002c   Data           4  system_stm32f10x.o(.data)
    AHBPrescTable                            0x20000030   Data          16  system_stm32f10x.o(.data)
    os_initialized                           0x20000040   Data           1  rt_cmsis.o(.data)
    os_running                               0x20000041   Data           1  rt_cmsis.o(.data)
    os_timer_head                            0x20000044   Data           4  rt_cmsis.o(.data)
    os_tsk                                   0x20000048   Data           8  rt_task.o(.data)
    os_tick_irqn                             0x20000054   Data           4  rt_system.o(.data)
    os_time                                  0x20000058   Data           4  rt_time.o(.data)
    os_robin                                 0x2000005c   Data           8  rt_robin.o(.data)
    dbg_msg                                  0x20000064   Data           1  hal_cm.o(.data)
    mp_tcb                                   0x20000068   Data         376  rtx_conf_cm.o(.bss)
    mp_stk                                   0x200001e0   Data        1216  rtx_conf_cm.o(.bss)
    os_stack_mem                             0x200006a0   Data         432  rtx_conf_cm.o(.bss)
    os_fifo                                  0x20000850   Data         132  rtx_conf_cm.o(.bss)
    os_active_TCB                            0x200008d4   Data          28  rtx_conf_cm.o(.bss)
    os_messageQ_q_osTimerMessageQ            0x200008f0   Data          32  rtx_conf_cm.o(.bss)
    os_idle_TCB                              0x20000c30   Data          52  rt_task.o(.bss)
    os_rdy                                   0x20000c64   Data          24  rt_list.o(.bss)
    os_dly                                   0x20000c7c   Data          24  rt_list.o(.bss)
    __libspace_start                         0x20000c94   Data          96  libspace.o(.bss)
    __temporary_stack_top$libspace           0x20000cf4   Data           0  libspace.o(.bss)



==============================================================================

Memory Map of the image

  Image Entry point : 0x080002dd

  Load Region LR_1 (Base: 0x08000000, Size: 0x00002e4c, Max: 0xffffffff, ABSOLUTE)

    Execution Region ER_RO (Base: 0x08000000, Size: 0x00002de4, Max: 0xffffffff, ABSOLUTE)

    Base Addr    Size         Type   Attr      Idx    E Section Name        Object

    0x08000000   0x000000ec   Data   RO         1071    RESET               startup_stm32f10x_md.o
    0x080000ec   0x00000008   Code   RO         2337  * !!!main             c_w.l(__main.o)
    0x080000f4   0x00000034   Code   RO         2543    !!!scatter          c_w.l(__scatter.o)
    0x08000128   0x0000001a   Code   RO         2545    !!handler_copy      c_w.l(__scatter_copy.o)
    0x08000142   0x00000002   PAD
    0x08000144   0x0000001c   Code   RO         2547    !!handler_zi        c_w.l(__scatter_zi.o)
    0x08000160   0x00000002   Code   RO         2429    .ARM.Collect$$libinit$$00000000  c_w.l(libinit.o)
    0x08000162   0x00000000   Code   RO         2441    .ARM.Collect$$libinit$$00000002  c_w.l(libinit2.o)
    0x08000162   0x00000000   Code   RO         2443    .ARM.Collect$$libinit$$00000004  c_w.l(libinit2.o)
    0x08000162   0x00000000   Code   RO         2446    .ARM.Collect$$libinit$$0000000A  c_w.l(libinit2.o)
    0x08000162   0x00000000   Code   RO         2448    .ARM.Collect$$libinit$$0000000C  c_w.l(libinit2.o)
    0x08000162   0x00000000   Code   RO         2450    .ARM.Collect$$libinit$$0000000E  c_w.l(libinit2.o)
    0x08000162   0x00000000   Code   RO         2453    .ARM.Collect$$libinit$$00000011  c_w.l(libinit2.o)
    0x08000162   0x00000000   Code   RO         2455    .ARM.Collect$$libinit$$00000013  c_w.l(libinit2.o)
    0x08000162   0x00000000   Code   RO         2457    .ARM.Collect$$libinit$$00000015  c_w.l(libinit2.o)
    0x08000162   0x00000000   Code   RO         2459    .ARM.Collect$$libinit$$00000017  c_w.l(libinit2.o)
    0x08000162   0x00000000   Code   RO         2461    .ARM.Collect$$libinit$$00000019  c_w.l(libinit2.o)
    0x08000162   0x00000000   Code   RO         2463    .ARM.Collect$$libinit$$0000001B  c_w.l(libinit2.o)
    0x08000162   0x00000000   Code   RO         2465    .ARM.Collect$$libinit$$0000001D  c_w.l(libinit2.o)
    0x08000162   0x00000000   Code   RO         2467    .ARM.Collect$$libinit$$0000001F  c_w.l(libinit2.o)
    0x08000162   0x00000000   Code   RO         2469    .ARM.Collect$$libinit$$00000021  c_w.l(libinit2.o)
    0x08000162   0x00000000   Code   RO         2471    .ARM.Collect$$libinit$$00000023  c_w.l(libinit2.o)
    0x08000162   0x00000000   Code   RO         2473    .ARM.Collect$$libinit$$00000025  c_w.l(libinit2.o)
    0x08000162   0x00000000   Code   RO         2477    .ARM.Collect$$libinit$$0000002C  c_w.l(libinit2.o)
    0x08000162   0x00000000   Code   RO         2479    .ARM.Collect$$libinit$$0000002E  c_w.l(libinit2.o)
    0x08000162   0x00000000   Code   RO         2481    .ARM.Collect$$libinit$$00000030  c_w.l(libinit2.o)
    0x08000162   0x00000000   Code   RO         2483    .ARM.Collect$$libinit$$00000032  c_w.l(libinit2.o)
    0x08000162   0x00000002   Code   RO         2484    .ARM.Collect$$libinit$$00000033  c_w.l(libinit2.o)
    0x08000164   0x00000002   Code   RO         2430    .ARM.Collect$$libshutdown$$00000000  c_w.l(libshutdown.o)
    0x08000166   0x00000000   Code   RO         2486    .ARM.Collect$$libshutdown$$00000002  c_w.l(libshutdown2.o)
    0x08000166   0x00000000   Code   RO         2488    .ARM.Collect$$libshutdown$$00000004  c_w.l(libshutdown2.o)
    0x08000166   0x00000000   Code   RO         2491    .ARM.Collect$$libshutdown$$00000007  c_w.l(libshutdown2.o)
    0x08000166   0x00000000   Code   RO         2494    .ARM.Collect$$libshutdown$$0000000A  c_w.l(libshutdown2.o)
    0x08000166   0x00000000   Code   RO         2496    .ARM.Collect$$libshutdown$$0000000C  c_w.l(libshutdown2.o)
    0x08000166   0x00000000   Code   RO         2499    .ARM.Collect$$libshutdown$$0000000F  c_w.l(libshutdown2.o)
    0x08000166   0x00000002   Code   RO         2500    .ARM.Collect$$libshutdown$$00000010  c_w.l(libshutdown2.o)
    0x08000168   0x00000000   Code   RO         2375    .ARM.Collect$$rtentry$$00000000  c_w.l(__rtentry.o)
    0x08000168   0x00000000   Code   RO         2392    .ARM.Collect$$rtentry$$00000002  c_w.l(__rtentry2.o)
    0x08000168   0x00000006   Code   RO         2404    .ARM.Collect$$rtentry$$00000004  c_w.l(__rtentry4.o)
    0x0800016e   0x00000000   Code   RO         2394    .ARM.Collect$$rtentry$$00000009  c_w.l(__rtentry2.o)
    0x0800016e   0x00000004   Code   RO         2395    .ARM.Collect$$rtentry$$0000000A  c_w.l(__rtentry2.o)
    0x08000172   0x00000008   Code   RO         2396    .ARM.Collect$$rtentry$$0000000B  c_w.l(__rtentry2.o)
    0x0800017a   0x00000008   Code   RO         2398    .ARM.Collect$$rtentry$$0000000D  c_w.l(__rtentry2.o)
    0x08000182   0x00000002   Code   RO         2376    .ARM.Collect$$rtexit$$00000000  c_w.l(rtexit.o)
    0x08000184   0x00000000   Code   RO         2407    .ARM.Collect$$rtexit$$00000002  c_w.l(rtexit2.o)
    0x08000184   0x00000004   Code   RO         2408    .ARM.Collect$$rtexit$$00000003  c_w.l(rtexit2.o)
    0x08000188   0x00000006   Code   RO         2409    .ARM.Collect$$rtexit$$00000004  c_w.l(rtexit2.o)
    0x0800018e   0x00000002   PAD
    0x08000190   0x0000001c   Code   RO         1011    .emb_text           rtx_conf_cm.o
    0x080001ac   0x00000130   Code   RO         2313    .emb_text           RTX_CM3.lib(hal_cm3.o)
    0x080002dc   0x00000040   Code   RO         1072  * .text               startup_stm32f10x_md.o
    0x0800031c   0x00000008   Code   RO         2328    .text               c_w.l(libspace.o)
    0x08000324   0x00000012   Code   RO         2333    .text               c_w.l(exit.o)
    0x08000336   0x00000006   Code   RO         2335    .text               c_w.l(heapauxi.o)
    0x0800033c   0x0000000c   Code   RO         2415    .text               c_w.l(sys_exit.o)
    0x08000348   0x0000004a   Code   RO         2417    .text               c_w.l(sys_stackheap_outer.o)
    0x08000392   0x00000002   Code   RO         2431    .text               c_w.l(use_no_semi.o)
    0x08000394   0x00000000   Code   RO         2433    .text               c_w.l(indicate_semi.o)
    0x08000394   0x00000004   Code   RO         2323    SVC_TABLE           RTX_CM3.lib(svc_table.o)
    0x08000398   0x00000016   Code   RO          703    i.ADC_Cmd           stm32f10x_adc.o
    0x080003ae   0x00000002   PAD
    0x080003b0   0x00000074   Code   RO          209    i.ADC_Configuration  adc.o
    0x08000424   0x0000005c   Code   RO          705    i.ADC_DeInit        stm32f10x_adc.o
    0x08000480   0x00000014   Code   RO          711    i.ADC_GetCalibrationStatus  stm32f10x_adc.o
    0x08000494   0x00000008   Code   RO          712    i.ADC_GetConversionValue  stm32f10x_adc.o
    0x0800049c   0x00000012   Code   RO          714    i.ADC_GetFlagStatus  stm32f10x_adc.o
    0x080004ae   0x00000014   Code   RO          717    i.ADC_GetResetCalibrationStatus  stm32f10x_adc.o
    0x080004c2   0x00000002   PAD
    0x080004c4   0x00000050   Code   RO          721    i.ADC_Init          stm32f10x_adc.o
    0x08000514   0x000000b8   Code   RO          725    i.ADC_RegularChannelConfig  stm32f10x_adc.o
    0x080005cc   0x0000000a   Code   RO          726    i.ADC_ResetCalibration  stm32f10x_adc.o
    0x080005d6   0x00000016   Code   RO          728    i.ADC_SoftwareStartConvCmd  stm32f10x_adc.o
    0x080005ec   0x0000000a   Code   RO          730    i.ADC_StartCalibration  stm32f10x_adc.o
    0x080005f6   0x00000002   PAD
    0x080005f8   0x00000034   Code   RO          167    i.AutoReset         rgb_control.o
    0x0800062c   0x00000040   Code   RO          168    i.Blue              rgb_control.o
    0x0800066c   0x00000040   Code   RO          169    i.Green             rgb_control.o
    0x080006ac   0x00000018   Code   RO          486    i.RCC_ADCCLKConfig  stm32f10x_rcc.o
    0x080006c4   0x00000020   Code   RO          490    i.RCC_APB2PeriphClockCmd  stm32f10x_rcc.o
    0x080006e4   0x00000020   Code   RO          491    i.RCC_APB2PeriphResetCmd  stm32f10x_rcc.o
    0x08000704   0x000001e4   Code   RO            3    i.RGB_ratio         main.o
    0x080008e8   0x00000040   Code   RO          170    i.Red               rgb_control.o
    0x08000928   0x00000008   Code   RO         1078    i.SetSysClock       system_stm32f10x.o
    0x08000930   0x000000e0   Code   RO         1079    i.SetSysClockTo72   system_stm32f10x.o
    0x08000a10   0x00000060   Code   RO         1081    i.SystemInit        system_stm32f10x.o
    0x08000a70   0x00000046   Code   RO         2212    i._init_box         RTX_CM3.lib(rt_membox.o)
    0x08000ab6   0x00000002   PAD
    0x08000ab8   0x00000020   Code   RO         1013    i._mutex_acquire    rtx_conf_cm.o
    0x08000ad8   0x0000001c   Code   RO         1015    i._mutex_release    rtx_conf_cm.o
    0x08000af4   0x00000030   Code   RO         2265    i.dbg_init          RTX_CM3.lib(hal_cm.o)
    0x08000b24   0x00000020   Code   RO         2266    i.dbg_task_notify   RTX_CM3.lib(hal_cm.o)
    0x08000b44   0x00000010   Code   RO         2267    i.dbg_task_switch   RTX_CM3.lib(hal_cm.o)
    0x08000b54   0x00000034   Code   RO          147    i.delayUS_DWT       delay.o
    0x08000b88   0x0000002a   Code   RO         1121    i.isrMessageGet     RTX_CM3.lib(rt_cmsis.o)
    0x08000bb2   0x0000002c   Code   RO         1122    i.isrMessagePut     RTX_CM3.lib(rt_cmsis.o)
    0x08000bde   0x00000002   PAD
    0x08000be0   0x00000056   Code   RO         2067    i.isr_mbx_receive   RTX_CM3.lib(rt_mailbox.o)
    0x08000c36   0x0000000e   Code   RO         2068    i.isr_mbx_send      RTX_CM3.lib(rt_mailbox.o)
    0x08000c44   0x00000190   Code   RO            4    i.main              main.o
    0x08000dd4   0x00000024   Code   RO         1126    i.osKernelInitialize  RTX_CM3.lib(rt_cmsis.o)
    0x08000df8   0x0000006c   Code   RO         1128    i.osKernelStart     RTX_CM3.lib(rt_cmsis.o)
    0x08000e64   0x00000018   Code   RO         1137    i.osMessageGet      RTX_CM3.lib(rt_cmsis.o)
    0x08000e7c   0x0000002c   Code   RO         1154    i.osThreadCreate    RTX_CM3.lib(rt_cmsis.o)
    0x08000ea8   0x00000018   Code   RO         1155    i.osThreadExit      RTX_CM3.lib(rt_cmsis.o)
    0x08000ec0   0x0000000c   Code   RO         1161    i.osTimerCall       RTX_CM3.lib(rt_cmsis.o)
    0x08000ecc   0x0000002c   Code   RO         1166    i.osTimerThread     RTX_CM3.lib(rt_cmsis.o)
    0x08000ef8   0x00000022   Code   RO         1016    i.os_error          rtx_conf_cm.o
    0x08000f1a   0x00000004   Code   RO         1017    i.os_idle_demon     rtx_conf_cm.o
    0x08000f1e   0x00000002   PAD
    0x08000f20   0x00000028   Code   RO         1859    i.os_tick_init      RTX_CM3.lib(rt_system.o)
    0x08000f48   0x00000002   Code   RO         1860    i.os_tick_irqack    RTX_CM3.lib(rt_system.o)
    0x08000f4a   0x00000002   PAD
    0x08000f4c   0x00000034   Code   RO          210    i.readADC1          adc.o
    0x08000f80   0x0000001a   Code   RO         2213    i.rt_alloc_box      RTX_CM3.lib(rt_membox.o)
    0x08000f9a   0x0000003e   Code   RO         2241    i.rt_alloc_mem      RTX_CM3.lib(rt_memory.o)
    0x08000fd8   0x00000038   Code   RO         1740    i.rt_block          RTX_CM3.lib(rt_task.o)
    0x08001010   0x00000048   Code   RO         2190    i.rt_chk_robin      RTX_CM3.lib(rt_robin.o)
    0x08001058   0x00000070   Code   RO         1991    i.rt_dec_dly        RTX_CM3.lib(rt_list.o)
    0x080010c8   0x00000044   Code   RO         1741    i.rt_dispatch       RTX_CM3.lib(rt_task.o)
    0x0800110c   0x00000050   Code   RO         1952    i.rt_evt_psh        RTX_CM3.lib(rt_event.o)
    0x0800115c   0x0000002c   Code   RO         2214    i.rt_free_box       RTX_CM3.lib(rt_membox.o)
    0x08001188   0x00000028   Code   RO         2242    i.rt_free_mem       RTX_CM3.lib(rt_memory.o)
    0x080011b0   0x00000028   Code   RO         1992    i.rt_get_first      RTX_CM3.lib(rt_list.o)
    0x080011d8   0x00000008   Code   RO         1171    i.rt_id2obj         RTX_CM3.lib(rt_cmsis.o)
    0x080011e0   0x00000048   Code   RO         1742    i.rt_init_context   RTX_CM3.lib(rt_task.o)
    0x08001228   0x0000001a   Code   RO         2243    i.rt_init_mem       RTX_CM3.lib(rt_memory.o)
    0x08001242   0x00000002   PAD
    0x08001244   0x00000018   Code   RO         2191    i.rt_init_robin     RTX_CM3.lib(rt_robin.o)
    0x0800125c   0x00000080   Code   RO         2268    i.rt_init_stack     RTX_CM3.lib(hal_cm.o)
    0x080012dc   0x00000008   Code   RO         2069    i.rt_mbx_check      RTX_CM3.lib(rt_mailbox.o)
    0x080012e4   0x0000001a   Code   RO         2070    i.rt_mbx_init       RTX_CM3.lib(rt_mailbox.o)
    0x080012fe   0x00000002   PAD
    0x08001300   0x000000f0   Code   RO         2071    i.rt_mbx_psh        RTX_CM3.lib(rt_mailbox.o)
    0x080013f0   0x000000b4   Code   RO         2073    i.rt_mbx_wait       RTX_CM3.lib(rt_mailbox.o)
    0x080014a4   0x00000044   Code   RO         1172    i.rt_ms2tick        RTX_CM3.lib(rt_cmsis.o)
    0x080014e8   0x000000d8   Code   RO         1826    i.rt_mut_release    RTX_CM3.lib(rt_mutex.o)
    0x080015c0   0x00000078   Code   RO         1827    i.rt_mut_wait       RTX_CM3.lib(rt_mutex.o)
    0x08001638   0x0000007c   Code   RO         1863    i.rt_pop_req        RTX_CM3.lib(rt_system.o)
    0x080016b4   0x00000020   Code   RO         1864    i.rt_psh_req        RTX_CM3.lib(rt_system.o)
    0x080016d4   0x0000005c   Code   RO         1994    i.rt_psq_enq        RTX_CM3.lib(rt_list.o)
    0x08001730   0x00000048   Code   RO         1995    i.rt_put_dly        RTX_CM3.lib(rt_list.o)
    0x08001778   0x00000036   Code   RO         1996    i.rt_put_prio       RTX_CM3.lib(rt_list.o)
    0x080017ae   0x00000002   PAD
    0x080017b0   0x00000014   Code   RO         1997    i.rt_put_rdy_first  RTX_CM3.lib(rt_list.o)
    0x080017c4   0x00000034   Code   RO         1998    i.rt_resort_prio    RTX_CM3.lib(rt_list.o)
    0x080017f8   0x00000006   Code   RO         2269    i.rt_ret_val        RTX_CM3.lib(hal_cm.o)
    0x080017fe   0x00000008   Code   RO         2270    i.rt_ret_val2       RTX_CM3.lib(hal_cm.o)
    0x08001806   0x00000028   Code   RO         1999    i.rt_rmv_dly        RTX_CM3.lib(rt_list.o)
    0x0800182e   0x00000002   PAD
    0x08001830   0x00000030   Code   RO         2000    i.rt_rmv_list       RTX_CM3.lib(rt_list.o)
    0x08001860   0x00000034   Code   RO         2118    i.rt_sem_psh        RTX_CM3.lib(rt_semaphore.o)
    0x08001894   0x00000024   Code   RO         1866    i.rt_stk_check      RTX_CM3.lib(rt_system.o)
    0x080018b8   0x00000028   Code   RO         1743    i.rt_switch_req     RTX_CM3.lib(rt_task.o)
    0x080018e0   0x000000cc   Code   RO         1744    i.rt_sys_init       RTX_CM3.lib(rt_task.o)
    0x080019ac   0x00000078   Code   RO         1745    i.rt_sys_start      RTX_CM3.lib(rt_task.o)
    0x08001a24   0x00000040   Code   RO         1868    i.rt_systick        RTX_CM3.lib(rt_system.o)
    0x08001a64   0x00000012   Code   RO         1173    i.rt_tid2ptcb       RTX_CM3.lib(rt_cmsis.o)
    0x08001a76   0x00000002   PAD
    0x08001a78   0x00000034   Code   RO         1174    i.rt_timer_insert   RTX_CM3.lib(rt_cmsis.o)
    0x08001aac   0x00000088   Code   RO         1746    i.rt_tsk_create     RTX_CM3.lib(rt_task.o)
    0x08001b34   0x0000017c   Code   RO         1747    i.rt_tsk_delete     RTX_CM3.lib(rt_task.o)
    0x08001cb0   0x0000007c   Code   RO         1749    i.rt_tsk_prio       RTX_CM3.lib(rt_task.o)
    0x08001d2c   0x00000010   Code   RO         1750    i.rt_tsk_self       RTX_CM3.lib(rt_task.o)
    0x08001d3c   0x00000070   Code   RO         1177    i.svcKernelInitialize  RTX_CM3.lib(rt_cmsis.o)
    0x08001dac   0x00000048   Code   RO         1179    i.svcKernelStart    RTX_CM3.lib(rt_cmsis.o)
    0x08001df4   0x00000024   Code   RO         1182    i.svcMessageCreate  RTX_CM3.lib(rt_cmsis.o)
    0x08001e18   0x0000003a   Code   RO         1183    i.svcMessageGet     RTX_CM3.lib(rt_cmsis.o)
    0x08001e52   0x00000002   PAD
    0x08001e54   0x0000006c   Code   RO         1197    i.svcThreadCreate   RTX_CM3.lib(rt_cmsis.o)
    0x08001ec0   0x0000001c   Code   RO         1198    i.svcThreadGetId    RTX_CM3.lib(rt_cmsis.o)
    0x08001edc   0x00000038   Code   RO         1201    i.svcThreadTerminate  RTX_CM3.lib(rt_cmsis.o)
    0x08001f14   0x00000018   Code   RO         1203    i.svcTimerCall      RTX_CM3.lib(rt_cmsis.o)
    0x08001f2c   0x0000005c   Code   RO         1212    i.sysTimerTick      RTX_CM3.lib(rt_cmsis.o)
    0x08001f88   0x00000062   Code   RO         2339    x$fpl$d2f           fz_ws.l(d2f.o)
    0x08001fea   0x00000002   PAD
    0x08001fec   0x00000150   Code   RO         2341    x$fpl$dadd          fz_ws.l(daddsub_clz.o)
    0x0800213c   0x000002b0   Code   RO         2348    x$fpl$ddiv          fz_ws.l(ddiv.o)
    0x080023ec   0x00000026   Code   RO         2351    x$fpl$dfltu         fz_ws.l(dflt_clz.o)
    0x08002412   0x00000002   PAD
    0x08002414   0x00000154   Code   RO         2357    x$fpl$dmul          fz_ws.l(dmul.o)
    0x08002568   0x0000009c   Code   RO         2382    x$fpl$dnaninf       fz_ws.l(dnaninf.o)
    0x08002604   0x0000000c   Code   RO         2384    x$fpl$dretinf       fz_ws.l(dretinf.o)
    0x08002610   0x00000016   Code   RO         2342    x$fpl$drsb          fz_ws.l(daddsub_clz.o)
    0x08002626   0x00000002   PAD
    0x08002628   0x000001d4   Code   RO         2343    x$fpl$dsub          fz_ws.l(daddsub_clz.o)
    0x080027fc   0x000000c4   Code   RO         2359    x$fpl$fadd          fz_ws.l(faddsub_clz.o)
    0x080028c0   0x00000184   Code   RO         2366    x$fpl$fdiv          fz_ws.l(fdiv.o)
    0x08002a44   0x0000003e   Code   RO         2369    x$fpl$ffixu         fz_ws.l(ffixu.o)
    0x08002a82   0x00000002   PAD
    0x08002a84   0x00000102   Code   RO         2373    x$fpl$fmul          fz_ws.l(fmul.o)
    0x08002b86   0x0000008c   Code   RO         2386    x$fpl$fnaninf       fz_ws.l(fnaninf.o)
    0x08002c12   0x0000000a   Code   RO         2388    x$fpl$fretinf       fz_ws.l(fretinf.o)
    0x08002c1c   0x00000014   Code   RO         2360    x$fpl$frsb          fz_ws.l(faddsub_clz.o)
    0x08002c30   0x000000ea   Code   RO         2361    x$fpl$fsub          fz_ws.l(faddsub_clz.o)
    0x08002d1a   0x00000000   Code   RO         2390    x$fpl$usenofp       fz_ws.l(usenofp.o)
    0x08002d1a   0x00000002   PAD
    0x08002d1c   0x00000040   Data   RO            5    .constdata          main.o
    0x08002d5c   0x00000068   Data   RO         1019    .constdata          rtx_conf_cm.o
    0x08002dc4   0x00000020   Data   RO         2541    Region$$Table       anon$$obj.o


    Execution Region ER_RW (Base: 0x20000000, Size: 0x00000068, Max: 0xffffffff, ABSOLUTE)

    Base Addr    Size         Type   Attr      Idx    E Section Name        Object

    0x20000000   0x00000018   Data   RW            6    .data               main.o
    0x20000018   0x00000014   Data   RW         1020    .data               rtx_conf_cm.o
    0x2000002c   0x00000014   Data   RW         1082    .data               system_stm32f10x.o
    0x20000040   0x00000008   Data   RW         1215    .data               RTX_CM3.lib(rt_cmsis.o)
    0x20000048   0x00000008   Data   RW         1752    .data               RTX_CM3.lib(rt_task.o)
    0x20000050   0x00000008   Data   RW         1871    .data               RTX_CM3.lib(rt_system.o)
    0x20000058   0x00000004   Data   RW         2161    .data               RTX_CM3.lib(rt_time.o)
    0x2000005c   0x00000008   Data   RW         2192    .data               RTX_CM3.lib(rt_robin.o)
    0x20000064   0x00000001   Data   RW         2271    .data               RTX_CM3.lib(hal_cm.o)


    Execution Region ER_ZI (Base: 0x20000068, Size: 0x00001290, Max: 0xffffffff, ABSOLUTE)

    Base Addr    Size         Type   Attr      Idx    E Section Name        Object

    0x20000068   0x00000bc8   Zero   RW         1018    .bss                rtx_conf_cm.o
    0x20000c30   0x00000034   Zero   RW         1751    .bss                RTX_CM3.lib(rt_task.o)
    0x20000c64   0x00000030   Zero   RW         2001    .bss                RTX_CM3.lib(rt_list.o)
    0x20000c94   0x00000060   Zero   RW         2329    .bss                c_w.l(libspace.o)
    0x20000cf4   0x00000004   PAD
    0x20000cf8   0x00000200   Zero   RW         1070    HEAP                startup_stm32f10x_md.o
    0x20000ef8   0x00000400   Zero   RW         1069    STACK               startup_stm32f10x_md.o


==============================================================================

Image component sizes


      Code (inc. data)   RO Data    RW Data    ZI Data      Debug   Object Name

       168         12          0          0          0       1039   adc.o
        52         12          0          0          0        742   delay.o
       884        108         64         24          0     223733   main.o
       244         34          0          0          0      24084   rgb_control.o
       126         26        104         20       3016       9127   rtx_conf_cm.o
        64         26        236          0       1536        820   startup_stm32f10x_md.o
       486         24          0          0          0      17786   stm32f10x_adc.o
        88         18          0          0          0       1693   stm32f10x_rcc.o
       328         28          0         20          0       2261   system_stm32f10x.o

    ----------------------------------------------------------------------
      2448        288        436         64       4552     281285   Object Totals
         0          0         32          0          0          0   (incl. Generated)
         8          0          0          0          0          0   (incl. Padding)

    ----------------------------------------------------------------------

      Code (inc. data)   RO Data    RW Data    ZI Data      Debug   Library Member Name

       238         24          0          1          0       3312   hal_cm.o
       304         36          0          0          0        768   hal_cm3.o
      1110        138          0          8          0      31753   rt_cmsis.o
        80          4          0          0          0        661   rt_event.o
       530         34          0          0         48       8253   rt_list.o
       554         10          0          0          0       3949   rt_mailbox.o
       140          0          0          0          0       1925   rt_membox.o
       128          0          0          0          0       2307   rt_memory.o
       336         14          0          0          0       1643   rt_mutex.o
        96         22          0          8          0       1158   rt_robin.o
        52          4          0          0          0        573   rt_semaphore.o
       298         52          0          8          0       6223   rt_system.o
      1216        174          0          8         52       9649   rt_task.o
         0          0          0          4          0        214   rt_time.o
         4          4          0          0          0        208   svc_table.o
         8          0          0          0          0         68   __main.o
         0          0          0          0          0          0   __rtentry.o
        20          0          0          0          0          0   __rtentry2.o
         6          0          0          0          0          0   __rtentry4.o
        52          8          0          0          0          0   __scatter.o
        26          0          0          0          0          0   __scatter_copy.o
        28          0          0          0          0          0   __scatter_zi.o
        18          0          0          0          0         80   exit.o
         6          0          0          0          0        152   heapauxi.o
         0          0          0          0          0          0   indicate_semi.o
         2          0          0          0          0          0   libinit.o
         2          0          0          0          0          0   libinit2.o
         2          0          0          0          0          0   libshutdown.o
         2          0          0          0          0          0   libshutdown2.o
         8          4          0          0         96         68   libspace.o
         2          0          0          0          0          0   rtexit.o
        10          0          0          0          0          0   rtexit2.o
        12          4          0          0          0         68   sys_exit.o
        74          0          0          0          0         80   sys_stackheap_outer.o
         2          0          0          0          0         68   use_no_semi.o
        98          4          0          0          0         92   d2f.o
       826         16          0          0          0        348   daddsub_clz.o
       688        140          0          0          0        208   ddiv.o
        38          0          0          0          0         68   dflt_clz.o
       340         12          0          0          0        104   dmul.o
       156          4          0          0          0         92   dnaninf.o
        12          0          0          0          0         68   dretinf.o
       450          8          0          0          0        236   faddsub_clz.o
       388         76          0          0          0         96   fdiv.o
        62          4          0          0          0         84   ffixu.o
       258          4          0          0          0         84   fmul.o
       140          4          0          0          0         84   fnaninf.o
        10          0          0          0          0         68   fretinf.o
         0          0          0          0          0          0   usenofp.o

    ----------------------------------------------------------------------
      8864        804          0         40        200      74812   Library Totals
        32          0          0          3          4          0   (incl. Padding)

    ----------------------------------------------------------------------

      Code (inc. data)   RO Data    RW Data    ZI Data      Debug   Library Name

      5086        516          0         37        100      72596   RTX_CM3.lib
       280         16          0          0         96        584   c_w.l
      3466        272          0          0          0       1632   fz_ws.l

    ----------------------------------------------------------------------
      8864        804          0         40        200      74812   Library Totals

    ----------------------------------------------------------------------

==============================================================================


      Code (inc. data)   RO Data    RW Data    ZI Data      Debug   

     11312       1092        436        104       4752     350165   Grand Totals
     11312       1092        436        104       4752     350165   ELF Image Totals
     11312       1092        436        104          0          0   ROM Totals

==============================================================================

    Total RO  Size (Code + RO Data)                11748 (  11.47kB)
    Total RW  Size (RW Data + ZI Data)              4856 (   4.74kB)
    Total ROM Size (Code + RO Data + RW Data)      11852 (  11.57kB)

==============================================================================

